Archive member included to satisfy reference by file (symbol)

D:/ST/STM32CubeIDE_1.11.0/STM32CubeIDE/plugins/com.st.stm32cube.ide.mcu.externaltools.gnu-tools-for-stm32.12.3.rel1.win32_1.0.200.202406191623/tools/bin/../lib/gcc/arm-none-eabi/12.3.1/../../../../arm-none-eabi/lib/thumb/v7-m/nofp\libc_nano.a(libc_a-exit.o)
                              D:/ST/STM32CubeIDE_1.11.0/STM32CubeIDE/plugins/com.st.stm32cube.ide.mcu.externaltools.gnu-tools-for-stm32.12.3.rel1.win32_1.0.200.202406191623/tools/bin/../lib/gcc/arm-none-eabi/12.3.1/../../../../arm-none-eabi/lib/thumb/v7-m/nofp/crt0.o (exit)
D:/ST/STM32CubeIDE_1.11.0/STM32CubeIDE/plugins/com.st.stm32cube.ide.mcu.externaltools.gnu-tools-for-stm32.12.3.rel1.win32_1.0.200.202406191623/tools/bin/../lib/gcc/arm-none-eabi/12.3.1/../../../../arm-none-eabi/lib/thumb/v7-m/nofp\libc_nano.a(libc_a-nano-vfprintf_float.o)
                              (_printf_float)
D:/ST/STM32CubeIDE_1.11.0/STM32CubeIDE/plugins/com.st.stm32cube.ide.mcu.externaltools.gnu-tools-for-stm32.12.3.rel1.win32_1.0.200.202406191623/tools/bin/../lib/gcc/arm-none-eabi/12.3.1/../../../../arm-none-eabi/lib/thumb/v7-m/nofp\libc_nano.a(libc_a-nano-vfprintf_i.o)
                              D:/ST/STM32CubeIDE_1.11.0/STM32CubeIDE/plugins/com.st.stm32cube.ide.mcu.externaltools.gnu-tools-for-stm32.12.3.rel1.win32_1.0.200.202406191623/tools/bin/../lib/gcc/arm-none-eabi/12.3.1/../../../../arm-none-eabi/lib/thumb/v7-m/nofp\libc_nano.a(libc_a-nano-vfprintf_float.o) (_printf_common)
D:/ST/STM32CubeIDE_1.11.0/STM32CubeIDE/plugins/com.st.stm32cube.ide.mcu.externaltools.gnu-tools-for-stm32.12.3.rel1.win32_1.0.200.202406191623/tools/bin/../lib/gcc/arm-none-eabi/12.3.1/../../../../arm-none-eabi/lib/thumb/v7-m/nofp\libc_nano.a(libc_a-nano-vfscanf_float.o)
                              (_scanf_float)
D:/ST/STM32CubeIDE_1.11.0/STM32CubeIDE/plugins/com.st.stm32cube.ide.mcu.externaltools.gnu-tools-for-stm32.12.3.rel1.win32_1.0.200.202406191623/tools/bin/../lib/gcc/arm-none-eabi/12.3.1/../../../../arm-none-eabi/lib/thumb/v7-m/nofp\libc_nano.a(libc_a-findfp.o)
                              D:/ST/STM32CubeIDE_1.11.0/STM32CubeIDE/plugins/com.st.stm32cube.ide.mcu.externaltools.gnu-tools-for-stm32.12.3.rel1.win32_1.0.200.202406191623/tools/bin/../lib/gcc/arm-none-eabi/12.3.1/../../../../arm-none-eabi/lib/thumb/v7-m/nofp\libc_nano.a(libc_a-exit.o) (__stdio_exit_handler)
D:/ST/STM32CubeIDE_1.11.0/STM32CubeIDE/plugins/com.st.stm32cube.ide.mcu.externaltools.gnu-tools-for-stm32.12.3.rel1.win32_1.0.200.202406191623/tools/bin/../lib/gcc/arm-none-eabi/12.3.1/../../../../arm-none-eabi/lib/thumb/v7-m/nofp\libc_nano.a(libc_a-fwalk.o)
                              D:/ST/STM32CubeIDE_1.11.0/STM32CubeIDE/plugins/com.st.stm32cube.ide.mcu.externaltools.gnu-tools-for-stm32.12.3.rel1.win32_1.0.200.202406191623/tools/bin/../lib/gcc/arm-none-eabi/12.3.1/../../../../arm-none-eabi/lib/thumb/v7-m/nofp\libc_nano.a(libc_a-findfp.o) (_fwalk_sglue)
D:/ST/STM32CubeIDE_1.11.0/STM32CubeIDE/plugins/com.st.stm32cube.ide.mcu.externaltools.gnu-tools-for-stm32.12.3.rel1.win32_1.0.200.202406191623/tools/bin/../lib/gcc/arm-none-eabi/12.3.1/../../../../arm-none-eabi/lib/thumb/v7-m/nofp\libc_nano.a(libc_a-sprintf.o)
                              D:/ST/STM32CubeIDE_1.11.0/STM32CubeIDE/plugins/com.st.stm32cube.ide.mcu.externaltools.gnu-tools-for-stm32.12.3.rel1.win32_1.0.200.202406191623/tools/bin/../lib/gcc/arm-none-eabi/12.3.1/../../../../arm-none-eabi/lib/thumb/v7-m/nofp\libc_nano.a(libc_a-nano-vfscanf_float.o) (sprintf)
D:/ST/STM32CubeIDE_1.11.0/STM32CubeIDE/plugins/com.st.stm32cube.ide.mcu.externaltools.gnu-tools-for-stm32.12.3.rel1.win32_1.0.200.202406191623/tools/bin/../lib/gcc/arm-none-eabi/12.3.1/../../../../arm-none-eabi/lib/thumb/v7-m/nofp\libc_nano.a(libc_a-stdio.o)
                              D:/ST/STM32CubeIDE_1.11.0/STM32CubeIDE/plugins/com.st.stm32cube.ide.mcu.externaltools.gnu-tools-for-stm32.12.3.rel1.win32_1.0.200.202406191623/tools/bin/../lib/gcc/arm-none-eabi/12.3.1/../../../../arm-none-eabi/lib/thumb/v7-m/nofp\libc_nano.a(libc_a-findfp.o) (__sread)
D:/ST/STM32CubeIDE_1.11.0/STM32CubeIDE/plugins/com.st.stm32cube.ide.mcu.externaltools.gnu-tools-for-stm32.12.3.rel1.win32_1.0.200.202406191623/tools/bin/../lib/gcc/arm-none-eabi/12.3.1/../../../../arm-none-eabi/lib/thumb/v7-m/nofp\libc_nano.a(libc_a-memcmp.o)
                              ./Core/Src/oled.o (memcmp)
D:/ST/STM32CubeIDE_1.11.0/STM32CubeIDE/plugins/com.st.stm32cube.ide.mcu.externaltools.gnu-tools-for-stm32.12.3.rel1.win32_1.0.200.202406191623/tools/bin/../lib/gcc/arm-none-eabi/12.3.1/../../../../arm-none-eabi/lib/thumb/v7-m/nofp\libc_nano.a(libc_a-memset.o)
                              D:/ST/STM32CubeIDE_1.11.0/STM32CubeIDE/plugins/com.st.stm32cube.ide.mcu.externaltools.gnu-tools-for-stm32.12.3.rel1.win32_1.0.200.202406191623/tools/bin/../lib/gcc/arm-none-eabi/12.3.1/../../../../arm-none-eabi/lib/thumb/v7-m/nofp/crt0.o (memset)
[...]
Memory Configuration

Name             Origin             Length             Attributes
RAM              0x20000000         0x00005000         xrw
FLASH            0x08000000         0x00010000         xr
*default*        0x00000000         0xffffffff

Linker script and memory map

LOAD D:/ST/STM32CubeIDE_1.11.0/STM32CubeIDE/plugins/com.st.stm32cube.ide.mcu.externaltools.gnu-tools-for-stm32.12.3.rel1.win32_1.0.200.202406191623/tools/bin/../lib/gcc/arm-none-eabi/12.3.1/thumb/v7-m/nofp/crti.o
LOAD D:/ST/STM32CubeIDE_1.11.0/STM32CubeIDE/plugins/com.st.stm32cube.ide.mcu.externaltools.gnu-tools-for-stm32.12.3.rel1.win32_1.0.200.202406191623/tools/bin/../lib/gcc/arm-none-eabi/12.3.1/thumb/v7-m/nofp/crtbegin.o
LOAD D:/ST/STM32CubeIDE_1.11.0/STM32CubeIDE/plugins/com.st.stm32cube.ide.mcu.externaltools.gnu-tools-for-stm32.12.3.rel1.win32_1.0.200.202406191623/tools/bin/../lib/gcc/arm-none-eabi/12.3.1/../../../../arm-none-eabi/lib/thumb/v7-m/nofp/crt0.o
LOAD ./Core/Src/font.o
LOAD ./Core/Src/gpio.o
LOAD ./Core/Src/i2c.o
LOAD ./Core/Src/main.o
LOAD ./Core/Src/oled.o
LOAD ./Core/Src/pid_controller.o
LOAD ./Core/Src/servo_ctrl.o
LOAD ./Core/Src/stm32f1xx_hal_msp.o
LOAD ./Core/Src/stm32f1xx_it.o
LOAD ./Core/Src/syscalls.o
LOAD ./Core/Src/sysmem.o
LOAD ./Core/Src/system_stm32f1xx.o
LOAD ./Core/Src/tim.o
LOAD ./Core/Src/usart.o
LOAD ./Core/Src/vmotor_driver.o
LOAD ./Core/Startup/startup_stm32f103c8tx.o
LOAD ./Drivers/STM32F1xx_HAL_Driver/Src/stm32f1xx_hal.o
LOAD ./Drivers/STM32F1xx_HAL_Driver/Src/stm32f1xx_hal_cortex.o
LOAD ./Drivers/STM32F1xx_HAL_Driver/Src/stm32f1xx_hal_dma.o
LOAD ./Drivers/STM32F1xx_HAL_Driver/Src/stm32f1xx_hal_exti.o
LOAD ./Drivers/STM32F1xx_HAL_Driver/Src/stm32f1xx_hal_flash.o
LOAD ./Drivers/STM32F1xx_HAL_Driver/Src/stm32f1xx_hal_flash_ex.o
LOAD ./Drivers/STM32F1xx_HAL_Driver/Src/stm32f1xx_hal_gpio.o
LOAD ./Drivers/STM32F1xx_HAL_Driver/Src/stm32f1xx_hal_gpio_ex.o
LOAD ./Drivers/STM32F1xx_HAL_Driver/Src/stm32f1xx_hal_i2c.o
LOAD ./Drivers/STM32F1xx_HAL_Driver/Src/stm32f1xx_hal_pwr.o
LOAD ./Drivers/STM32F1xx_HAL_Driver/Src/stm32f1xx_hal_rcc.o
LOAD ./Drivers/STM32F1xx_HAL_Driver/Src/stm32f1xx_hal_rcc_ex.o
LOAD ./Drivers/STM32F1xx_HAL_Driver/Src/stm32f1xx_hal_tim.o
LOAD ./Drivers/STM32F1xx_HAL_Driver/Src/stm32f1xx_hal_tim_ex.o
LOAD ./Drivers/STM32F1xx_HAL_Driver/Src/stm32f1xx_hal_uart.o
START GROUP
LOAD D:/ST/STM32CubeIDE_1.11.0/STM32CubeIDE/plugins/com.st.stm32cube.ide.mcu.externaltools.gnu-tools-for-stm32.12.3.rel1.win32_1.0.200.202406191623/tools/bin/../lib/gcc/arm-none-eabi/12.3.1/../../../../arm-none-eabi/lib/thumb/v7-m/nofp\libc_nano.a
LOAD D:/ST/STM32CubeIDE_1.11.0/STM32CubeIDE/plugins/com.st.stm32cube.ide.mcu.externaltools.gnu-tools-for-stm32.12.3.rel1.win32_1.0.200.202406191623/tools/bin/../lib/gcc/arm-none-eabi/12.3.1/../../../../arm-none-eabi/lib/thumb/v7-m/nofp\libm.a
END GROUP
START GROUP
LOAD D:/ST/STM32CubeIDE_1.11.0/STM32CubeIDE/plugins/com.st.stm32cube.ide.mcu.externaltools.gnu-tools-for-stm32.12.3.rel1.win32_1.0.200.202406191623/tools/bin/../lib/gcc/arm-none-eabi/12.3.1/thumb/v7-m/nofp\libgcc.a
LOAD D:/ST/STM32CubeIDE_1.11.0/STM32CubeIDE/plugins/com.st.stm32cube.ide.mcu.externaltools.gnu-tools-for-stm32.12.3.rel1.win32_1.0.200.202406191623/tools/bin/../lib/gcc/arm-none-eabi/12.3.1/../../../../arm-none-eabi/lib/thumb/v7-m/nofp\libc_nano.a
END GROUP
START GROUP
LOAD D:/ST/STM32CubeIDE_1.11.0/STM32CubeIDE/plugins/com.st.stm32cube.ide.mcu.externaltools.gnu-tools-for-stm32.12.3.rel1.win32_1.0.200.202406191623/tools/bin/../lib/gcc/arm-none-eabi/12.3.1/thumb/v7-m/nofp\libgcc.a
LOAD D:/ST/STM32CubeIDE_1.11.0/STM32CubeIDE/plugins/com.st.stm32cube.ide.mcu.externaltools.gnu-tools-for-stm32.12.3.rel1.win32_1.0.200.202406191623/tools/bin/../lib/gcc/arm-none-eabi/12.3.1/../../../../arm-none-eabi/lib/thumb/v7-m/nofp\libc_nano.a
LOAD D:/ST/STM32CubeIDE_1.11.0/STM32CubeIDE/plugins/com.st.stm32cube.ide.mcu.externaltools.gnu-tools-for-stm32.12.3.rel1.win32_1.0.200.202406191623/tools/bin/../lib/gcc/arm-none-eabi/12.3.1/../../../../arm-none-eabi/lib/thumb/v7-m/nofp\libnosys.a
END GROUP
START GROUP
LOAD D:/ST/STM32CubeIDE_1.11.0/STM32CubeIDE/plugins/com.st.stm32cube.ide.mcu.externaltools.gnu-tools-for-stm32.12.3.rel1.win32_1.0.200.202406191623/tools/bin/../lib/gcc/arm-none-eabi/12.3.1/thumb/v7-m/nofp\libgcc.a
LOAD D:/ST/STM32CubeIDE_1.11.0/STM32CubeIDE/plugins/com.st.stm32cube.ide.mcu.externaltools.gnu-tools-for-stm32.12.3.rel1.win32_1.0.200.202406191623/tools/bin/../lib/gcc/arm-none-eabi/12.3.1/../../../../arm-none-eabi/lib/thumb/v7-m/nofp\libc_nano.a
LOAD D:/ST/STM32CubeIDE_1.11.0/STM32CubeIDE/plugins/com.st.stm32cube.ide.mcu.externaltools.gnu-tools-for-stm32.12.3.rel1.win32_1.0.200.202406191623/tools/bin/../lib/gcc/arm-none-eabi/12.3.1/../../../../arm-none-eabi/lib/thumb/v7-m/nofp\libnosys.a
END GROUP
LOAD D:/ST/STM32CubeIDE_1.11.0/STM32CubeIDE/plugins/com.st.stm32cube.ide.mcu.externaltools.gnu-tools-for-stm32.12.3.rel1.win32_1.0.200.202406191623/tools/bin/../lib/gcc/arm-none-eabi/12.3.1/thumb/v7-m/nofp/crtend.o
LOAD D:/ST/STM32CubeIDE_1.11.0/STM32CubeIDE/plugins/com.st.stm32cube.ide.mcu.externaltools.gnu-tools-for-stm32.12.3.rel1.win32_1.0.200.202406191623/tools/bin/../lib/gcc/arm-none-eabi/12.3.1/thumb/v7-m/nofp/crtn.o
                0x20005000                        _estack = (ORIGIN (RAM) + LENGTH (RAM))
                0x00000200                        _Min_Heap_Size = 0x200
                0x00000400                        _Min_Stack_Size = 0x400

.isr_vector     0x08000000      0x10c
                0x08000000                        . = ALIGN (0x4)
 *(.isr_vector)
 .isr_vector    0x08000000      0x10c ./Core/Startup/startup_stm32f103c8tx.o
                0x08000000                g_pfnVectors
                0x0800010c                        . = ALIGN (0x4)

.text           0x08000110     0xb610
                0x08000110                        . = ALIGN (0x4)
 *(.text)
 .text          0x08000110       0x40 D:/ST/STM32CubeIDE_1.11.0/STM32CubeIDE/plugins/com.st.stm32cube.ide.mcu.externaltools.gnu-tools-for-stm32.12.3.rel1.win32_1.0.200.202406191623/tools/bin/../lib/gcc/arm-none-eabi/12.3.1/thumb/v7-m/nofp/crtbegin.o
 .text          0x08000150       0x10 D:/ST/STM32CubeIDE_1.11.0/STM32CubeIDE/plugins/com.st.stm32cube.ide.mcu.externaltools.gnu-tools-for-stm32.12.3.rel1.win32_1.0.200.202406191623/tools/bin/../lib/gcc/arm-none-eabi/12.3.1/../../../../arm-none-eabi/lib/thumb/v7-m/nofp\libc_nano.a(libc_a-strlen.o)
                0x08000150                strlen
 .text          0x08000160      0x378 D:/ST/STM32CubeIDE_1.11.0/STM32CubeIDE/plugins/com.st.stm32cube.ide.mcu.externaltools.gnu-tools-for-stm32.12.3.rel1.win32_1.0.200.202406191623/tools/bin/../lib/gcc/arm-none-eabi/12.3.1/thumb/v7-m/nofp\libgcc.a(_arm_addsubdf3.o)
                0x08000160                __aeabi_drsub
                0x08000168                __aeabi_dsub
                0x08000168                __subdf3
                0x0800016c                __aeabi_dadd
                0x0800016c                __adddf3
                0x080003e4                __floatunsidf
                0x080003e4                __aeabi_ui2d
                0x08000404                __floatsidf
                0x08000404                __aeabi_i2d
                0x08000428                __aeabi_f2d
                0x08000428                __extendsfdf2
                0x0800046c                __floatundidf
                0x0800046c                __aeabi_ul2d
                0x0800047c                __floatdidf
                0x0800047c                __aeabi_l2d
 .text          0x080004d8      0x424 D:/ST/STM32CubeIDE_1.11.0/STM32CubeIDE/plugins/com.st.stm32cube.ide.mcu.externaltools.gnu-tools-for-stm32.12.3.rel1.win32_1.0.200.202406191623/tools/bin/../lib/gcc/arm-none-eabi/12.3.1/thumb/v7-m/nofp\libgcc.a(_arm_muldivdf3.o)
                0x080004d8                __aeabi_dmul
                0x080004d8                __muldf3
                0x0800072c                __divdf3
                0x0800072c                __aeabi_ddiv
 .text          0x080008fc      0x110 D:/ST/STM32CubeIDE_1.11.0/STM32CubeIDE/plugins/com.st.stm32cube.ide.mcu.externaltools.gnu-tools-for-stm32.12.3.rel1.win32_1.0.200.202406191623/tools/bin/../lib/gcc/arm-none-eabi/12.3.1/thumb/v7-m/nofp\libgcc.a(_arm_cmpdf2.o)
                0x080008fc                __gtdf2
                0x080008fc                __gedf2
                0x08000904                __ltdf2
                0x08000904                __ledf2
                0x0800090c                __nedf2
                0x0800090c                __eqdf2
                0x0800090c                __cmpdf2
                0x08000988                __aeabi_cdrcmple
                0x08000998                __aeabi_cdcmpeq
                0x08000998                __aeabi_cdcmple
                0x080009a8                __aeabi_dcmpeq
                0x080009bc                __aeabi_dcmplt
                0x080009d0                __aeabi_dcmple
                0x080009e4                __aeabi_dcmpge
                0x080009f8                __aeabi_dcmpgt
 .text          0x08000a0c       0x2c D:/ST/STM32CubeIDE_1.11.0/STM32CubeIDE/plugins/com.st.stm32cube.ide.mcu.externaltools.gnu-tools-for-stm32.12.3.rel1.win32_1.0.200.202406191623/tools/bin/../lib/gcc/arm-none-eabi/12.3.1/thumb/v7-m/nofp\libgcc.a(_arm_unorddf2.o)
                0x08000a0c                __unorddf2
                0x08000a0c                __aeabi_dcmpun
 .text          0x08000a38       0x50 D:/ST/STM32CubeIDE_1.11.0/STM32CubeIDE/plugins/com.st.stm32cube.ide.mcu.externaltools.gnu-tools-for-stm32.12.3.rel1.win32_1.0.200.202406191623/tools/bin/../lib/gcc/arm-none-eabi/12.3.1/thumb/v7-m/nofp\libgcc.a(_arm_fixdfsi.o)
                0x08000a38                __aeabi_d2iz
                0x08000a38                __fixdfsi
 .text          0x08000a88       0x40 D:/ST/STM32CubeIDE_1.11.0/STM32CubeIDE/plugins/com.st.stm32cube.ide.mcu.externaltools.gnu-tools-for-stm32.12.3.rel1.win32_1.0.200.202406191623/tools/bin/../lib/gcc/arm-none-eabi/12.3.1/thumb/v7-m/nofp\libgcc.a(_arm_fixunsdfsi.o)
                0x08000a88                __aeabi_d2uiz
                0x08000a88                __fixunsdfsi
 .text          0x08000ac8       0xa0 D:/ST/STM32CubeIDE_1.11.0/STM32CubeIDE/plugins/com.st.stm32cube.ide.mcu.externaltools.gnu-tools-for-stm32.12.3.rel1.win32_1.0.200.202406191623/tools/bin/../lib/gcc/arm-none-eabi/12.3.1/thumb/v7-m/nofp\libgcc.a(_arm_truncdfsf2.o)
                0x08000ac8                __truncdfsf2
                0x08000ac8                __aeabi_d2f
 .text          0x08000b68      0x21c D:/ST/STM32CubeIDE_1.11.0/STM32CubeIDE/plugins/com.st.stm32cube.ide.mcu.externaltools.gnu-tools-for-stm32.12.3.rel1.win32_1.0.200.202406191623/tools/bin/../lib/gcc/arm-none-eabi/12.3.1/thumb/v7-m/nofp\libgcc.a(_arm_addsubsf3.o)
                0x08000b68                __aeabi_frsub
                0x08000b70                __subsf3
                0x08000b70                __aeabi_fsub
                0x08000b74                __aeabi_fadd
                0x08000b74                __addsf3
                0x08000cd4                __aeabi_ui2f
                0x08000cd4                __floatunsisf
                0x08000cdc                __aeabi_i2f
                0x08000cdc                __floatsisf
                0x08000cf8                __aeabi_ul2f
                0x08000cf8                __floatundisf
                0x08000d08                __aeabi_l2f
                0x08000d08                __floatdisf
 .text          0x08000d84      0x2a0 D:/ST/STM32CubeIDE_1.11.0/STM32CubeIDE/plugins/com.st.stm32cube.ide.mcu.externaltools.gnu-tools-for-stm32.12.3.rel1.win32_1.0.200.202406191623/tools/bin/../lib/gcc/arm-none-eabi/12.3.1/thumb/v7-m/nofp\libgcc.a(_arm_muldivsf3.o)
                0x08000d84                __mulsf3
                0x08000d84                __aeabi_fmul
                0x08000eec                __aeabi_fdiv
                0x08000eec                __divsf3
 .text          0x08001024       0xec D:/ST/STM32CubeIDE_1.11.0/STM32CubeIDE/plugins/com.st.stm32cube.ide.mcu.externaltools.gnu-tools-for-stm32.12.3.rel1.win32_1.0.200.202406191623/tools/bin/../lib/gcc/arm-none-eabi/12.3.1/thumb/v7-m/nofp\libgcc.a(_arm_cmpsf2.o)
                0x08001024                __gesf2
                0x08001024                __gtsf2
                0x0800102c                __lesf2
                0x0800102c                __ltsf2
                0x08001034                __nesf2
                0x08001034                __eqsf2
                0x08001034                __cmpsf2
                0x08001094                __aeabi_cfrcmple
                0x0800109c                __aeabi_cfcmpeq
                0x0800109c                __aeabi_cfcmple
                0x080010ac                __aeabi_fcmpeq
                0x080010c0                __aeabi_fcmplt
                0x080010d4                __aeabi_fcmple
                0x080010e8                __aeabi_fcmpge
                0x080010fc                __aeabi_fcmpgt
 .text          0x08001110       0x4c D:/ST/STM32CubeIDE_1.11.0/STM32CubeIDE/plugins/com.st.stm32cube.ide.mcu.externaltools.gnu-tools-for-stm32.12.3.rel1.win32_1.0.200.202406191623/tools/bin/../lib/gcc/arm-none-eabi/12.3.1/thumb/v7-m/nofp\libgcc.a(_arm_fixsfsi.o)
                0x08001110                __aeabi_f2iz
                0x08001110                __fixsfsi
 .text          0x0800115c       0x40 D:/ST/STM32CubeIDE_1.11.0/STM32CubeIDE/plugins/com.st.stm32cube.ide.mcu.externaltools.gnu-tools-for-stm32.12.3.rel1.win32_1.0.200.202406191623/tools/bin/../lib/gcc/arm-none-eabi/12.3.1/thumb/v7-m/nofp\libgcc.a(_arm_fixunssfsi.o)
                0x0800115c                __fixunssfsi
                0x0800115c                __aeabi_f2uiz
 .text          0x0800119c       0x30 D:/ST/STM32CubeIDE_1.11.0/STM32CubeIDE/plugins/com.st.stm32cube.ide.mcu.externaltools.gnu-tools-for-stm32.12.3.rel1.win32_1.0.200.202406191623/tools/bin/../lib/gcc/arm-none-eabi/12.3.1/thumb/v7-m/nofp\libgcc.a(_fixdfdi.o)
                0x0800119c                __fixdfdi
                0x0800119c                __aeabi_d2lz
 .text          0x080011cc       0x3c D:/ST/STM32CubeIDE_1.11.0/STM32CubeIDE/plugins/com.st.stm32cube.ide.mcu.externaltools.gnu-tools-for-stm32.12.3.rel1.win32_1.0.200.202406191623/tools/bin/../lib/gcc/arm-none-eabi/12.3.1/thumb/v7-m/nofp\libgcc.a(_fixunsdfdi.o)
                0x080011cc                __fixunsdfdi
                0x080011cc                __aeabi_d2ulz
 *(.text*)
 .text.MX_GPIO_Init
                0x08001208       0x5c ./Core/Src/gpio.o
                0x08001208                MX_GPIO_Init
 .text.MX_I2C1_Init
                0x08001264       0x5c ./Core/Src/i2c.o
                0x08001264                MX_I2C1_Init
 .text.HAL_I2C_MspInit
                0x080012c0       0xa0 ./Core/Src/i2c.o
                0x080012c0                HAL_I2C_MspInit
 .text.main     0x08001360      0x15c ./Core/Src/main.o
                0x08001360                main
 .text.SystemClock_Config
                0x080014bc       0x8a ./Core/Src/main.o
                0x080014bc                SystemClock_Config
 *fill*         0x08001546        0x2 
 .text.HAL_UART_RxCpltCallback
                0x08001548       0x48 ./Core/Src/main.o
                0x08001548                HAL_UART_RxCpltCallback
 .text.getControlPeriodFlag
                0x08001590       0x14 ./Core/Src/main.o
                0x08001590                getControlPeriodFlag
 .text.setControlPeriodFlag
                0x080015a4       0x20 ./Core/Src/main.o
                0x080015a4                setControlPeriodFlag
 .text.KalmanFilterSpeed
                0x080015c4       0xe8 ./Core/Src/main.o
 *fill*         0x080016ac        0x4 
 .text.calculatePosition
                0x080016b0       0x90 ./Core/Src/main.o
                0x080016b0                calculatePosition
 .text.HAL_TIM_IC_CaptureCallback
                0x08001740       0x5c ./Core/Src/main.o
                0x08001740                HAL_TIM_IC_CaptureCallback
 *fill*         0x0800179c        0x4 
 .text.HAL_TIM_PeriodElapsedCallback
                0x080017a0      0x12c ./Core/Src/main.o
                0x080017a0                HAL_TIM_PeriodElapsedCallback
 .text.Error_Handler
                0x080018cc        0xc ./Core/Src/main.o
                0x080018cc                Error_Handler
 .text.OLED_Send
                0x080018d8       0x2c ./Core/Src/oled.o
                0x080018d8                OLED_Send
 .text.OLED_SendCmd
                0x08001904       0x24 ./Core/Src/oled.o
                0x08001904                OLED_SendCmd
 .text.OLED_Init
                0x08001928       0xac ./Core/Src/oled.o
                0x08001928                OLED_Init
 .text.OLED_NewFrame
                0x080019d4       0x18 ./Core/Src/oled.o
                0x080019d4                OLED_NewFrame
 .text.OLED_ShowFrame
                0x080019ec       0x68 ./Core/Src/oled.o
                0x080019ec                OLED_ShowFrame
 .text.PID_Control
                0x08001a54      0x120 ./Core/Src/pid_controller.o
                0x08001a54                PID_Control
 .text.PID_SetGoalVal
                0x08001b74       0x1a ./Core/Src/pid_controller.o
                0x08001b74                PID_SetGoalVal
 .text.PID_SetPidPara
                0x08001b8e       0x2a ./Core/Src/pid_controller.o
                0x08001b8e                PID_SetPidPara
 .text.servoCtrlInit
                0x08001bb8       0x60 ./Core/Src/servo_ctrl.o
                0x08001bb8                servoCtrlInit
 .text.servoCtrlLoop
                0x08001c18       0xa0 ./Core/Src/servo_ctrl.o
                0x08001c18                servoCtrlLoop
 .text.HAL_MspInit
                0x08001cb8       0x64 ./Core/Src/stm32f1xx_hal_msp.o
                0x08001cb8                HAL_MspInit
 .text.NMI_Handler
                0x08001d1c        0x8 ./Core/Src/stm32f1xx_it.o
                0x08001d1c                NMI_Handler
 .text.HardFault_Handler
                0x08001d24        0x8 ./Core/Src/stm32f1xx_it.o
                0x08001d24                HardFault_Handler
 .text.MemManage_Handler
                0x08001d2c        0x8 ./Core/Src/stm32f1xx_it.o
                0x08001d2c                MemManage_Handler
 .text.BusFault_Handler
                0x08001d34        0x8 ./Core/Src/stm32f1xx_it.o
                0x08001d34                BusFault_Handler
 .text.UsageFault_Handler
                0x08001d3c        0x8 ./Core/Src/stm32f1xx_it.o
                0x08001d3c                UsageFault_Handler
 .text.SVC_Handler
                0x08001d44        0xc ./Core/Src/stm32f1xx_it.o
                0x08001d44                SVC_Handler
 .text.DebugMon_Handler
                0x08001d50        0xc ./Core/Src/stm32f1xx_it.o
                0x08001d50                DebugMon_Handler
 .text.PendSV_Handler
                0x08001d5c        0xc ./Core/Src/stm32f1xx_it.o
                0x08001d5c                PendSV_Handler
 .text.SysTick_Handler
                0x08001d68        0xc ./Core/Src/stm32f1xx_it.o
                0x08001d68                SysTick_Handler
 .text.TIM2_IRQHandler
                0x08001d74       0x14 ./Core/Src/stm32f1xx_it.o
                0x08001d74                TIM2_IRQHandler
 .text.TIM3_IRQHandler
                0x08001d88       0x14 ./Core/Src/stm32f1xx_it.o
                0x08001d88                TIM3_IRQHandler
 .text.TIM4_IRQHandler
                0x08001d9c       0x14 ./Core/Src/stm32f1xx_it.o
                0x08001d9c                TIM4_IRQHandler
 .text.USART2_IRQHandler
                0x08001db0       0x14 ./Core/Src/stm32f1xx_it.o
                0x08001db0                USART2_IRQHandler
 .text._getpid  0x08001dc4        0xe ./Core/Src/syscalls.o
                0x08001dc4                _getpid
 .text._kill    0x08001dd2       0x20 ./Core/Src/syscalls.o
                0x08001dd2                _kill
 .text._exit    0x08001df2       0x16 ./Core/Src/syscalls.o
                0x08001df2                _exit
 .text._read    0x08001e08       0x3a ./Core/Src/syscalls.o
                0x08001e08                _read
 .text._write   0x08001e42       0x38 ./Core/Src/syscalls.o
                0x08001e42                _write
 .text._close   0x08001e7a       0x16 ./Core/Src/syscalls.o
                0x08001e7a                _close
 .text._fstat   0x08001e90       0x1e ./Core/Src/syscalls.o
                0x08001e90                _fstat
 .text._isatty  0x08001eae       0x14 ./Core/Src/syscalls.o
                0x08001eae                _isatty
 .text._lseek   0x08001ec2       0x18 ./Core/Src/syscalls.o
                0x08001ec2                _lseek
 *fill*         0x08001eda        0x2 
 .text._sbrk    0x08001edc       0x6c ./Core/Src/sysmem.o
                0x08001edc                _sbrk
 .text.SystemInit
                0x08001f48        0xc ./Core/Src/system_stm32f1xx.o
                0x08001f48                SystemInit
 .text.MX_TIM1_Init
                0x08001f54      0x158 ./Core/Src/tim.o
                0x08001f54                MX_TIM1_Init
 .text.MX_TIM2_Init
                0x080020ac       0x9c ./Core/Src/tim.o
                0x080020ac                MX_TIM2_Init
 .text.MX_TIM3_Init
                0x08002148       0xf0 ./Core/Src/tim.o
                0x08002148                MX_TIM3_Init
 .text.MX_TIM4_Init
                0x08002238       0x9c ./Core/Src/tim.o
                0x08002238                MX_TIM4_Init
 .text.HAL_TIM_Base_MspInit
                0x080022d4       0xe8 ./Core/Src/tim.o
                0x080022d4                HAL_TIM_Base_MspInit
 .text.HAL_TIM_IC_MspInit
                0x080023bc       0xc0 ./Core/Src/tim.o
                0x080023bc                HAL_TIM_IC_MspInit
 .text.HAL_TIM_MspPostInit
                0x0800247c       0x68 ./Core/Src/tim.o
                0x0800247c                HAL_TIM_MspPostInit
 .text.MX_USART2_UART_Init
                0x080024e4       0x54 ./Core/Src/usart.o
                0x080024e4                MX_USART2_UART_Init
 .text.HAL_UART_MspInit
                0x08002538       0xa4 ./Core/Src/usart.o
                0x08002538                HAL_UART_MspInit
 .text.getMotorPos
                0x080025dc       0x14 ./Core/Src/vmotor_driver.o
                0x080025dc                getMotorPos
 .text.getMotorVel
                0x080025f0       0x14 ./Core/Src/vmotor_driver.o
                0x080025f0                getMotorVel
 .text.setMotorCur
                0x08002604       0x2c ./Core/Src/vmotor_driver.o
                0x08002604                setMotorCur
 .text.Reset_Handler
                0x08002630       0x48 ./Core/Startup/startup_stm32f103c8tx.o
                0x08002630                Reset_Handler
 .text.Default_Handler
                0x08002678        0x2 ./Core/Startup/startup_stm32f103c8tx.o
                0x08002678                RTC_Alarm_IRQHandler
                0x08002678                EXTI2_IRQHandler
                0x08002678                TIM1_CC_IRQHandler
                0x08002678                PVD_IRQHandler
                0x08002678                EXTI3_IRQHandler
                0x08002678                EXTI0_IRQHandler
                0x08002678                I2C2_EV_IRQHandler
                0x08002678                ADC1_2_IRQHandler
                0x08002678                SPI1_IRQHandler
                0x08002678                TAMPER_IRQHandler
                0x08002678                DMA1_Channel4_IRQHandler
                0x08002678                USART3_IRQHandler
                0x08002678                RTC_IRQHandler
                0x08002678                DMA1_Channel7_IRQHandler
                0x08002678                CAN1_RX1_IRQHandler
                0x08002678                I2C1_EV_IRQHandler
                0x08002678                DMA1_Channel6_IRQHandler
                0x08002678                RCC_IRQHandler
                0x08002678                TIM1_TRG_COM_IRQHandler
                0x08002678                DMA1_Channel1_IRQHandler
                0x08002678                Default_Handler
                0x08002678                EXTI15_10_IRQHandler
                0x08002678                EXTI9_5_IRQHandler
                0x08002678                SPI2_IRQHandler
                0x08002678                DMA1_Channel5_IRQHandler
                0x08002678                EXTI4_IRQHandler
                0x08002678                USB_LP_CAN1_RX0_IRQHandler
                0x08002678                USB_HP_CAN1_TX_IRQHandler
                0x08002678                DMA1_Channel3_IRQHandler
                0x08002678                TIM1_UP_IRQHandler
                0x08002678                WWDG_IRQHandler
                0x08002678                TIM1_BRK_IRQHandler
                0x08002678                EXTI1_IRQHandler
                0x08002678                I2C2_ER_IRQHandler
                0x08002678                DMA1_Channel2_IRQHandler
                0x08002678                CAN1_SCE_IRQHandler
                0x08002678                FLASH_IRQHandler
                0x08002678                USART1_IRQHandler
                0x08002678                I2C1_ER_IRQHandler
                0x08002678                USBWakeUp_IRQHandler
 *fill*         0x0800267a        0x2 
 .text.HAL_Init
                0x0800267c       0x2c ./Drivers/STM32F1xx_HAL_Driver/Src/stm32f1xx_hal.o
                0x0800267c                HAL_Init
 .text.HAL_InitTick
                0x080026a8       0x60 ./Drivers/STM32F1xx_HAL_Driver/Src/stm32f1xx_hal.o
                0x080026a8                HAL_InitTick
 .text.HAL_IncTick
                0x08002708       0x24 ./Drivers/STM32F1xx_HAL_Driver/Src/stm32f1xx_hal.o
                0x08002708                HAL_IncTick
 .text.HAL_GetTick
                0x0800272c       0x14 ./Drivers/STM32F1xx_HAL_Driver/Src/stm32f1xx_hal.o
                0x0800272c                HAL_GetTick
 .text.HAL_Delay
                0x08002740       0x48 ./Drivers/STM32F1xx_HAL_Driver/Src/stm32f1xx_hal.o
                0x08002740                HAL_Delay
 .text.__NVIC_SetPriorityGrouping
                0x08002788       0x48 ./Drivers/STM32F1xx_HAL_Driver/Src/stm32f1xx_hal_cortex.o
 .text.__NVIC_GetPriorityGrouping
                0x080027d0       0x1c ./Drivers/STM32F1xx_HAL_Driver/Src/stm32f1xx_hal_cortex.o
 .text.__NVIC_EnableIRQ
                0x080027ec       0x38 ./Drivers/STM32F1xx_HAL_Driver/Src/stm32f1xx_hal_cortex.o
 .text.__NVIC_SetPriority
                0x08002824       0x54 ./Drivers/STM32F1xx_HAL_Driver/Src/stm32f1xx_hal_cortex.o
 .text.NVIC_EncodePriority
                0x08002878       0x64 ./Drivers/STM32F1xx_HAL_Driver/Src/stm32f1xx_hal_cortex.o
 .text.SysTick_Config
                0x080028dc       0x44 ./Drivers/STM32F1xx_HAL_Driver/Src/stm32f1xx_hal_cortex.o
 .text.HAL_NVIC_SetPriorityGrouping
                0x08002920       0x16 ./Drivers/STM32F1xx_HAL_Driver/Src/stm32f1xx_hal_cortex.o
                0x08002920                HAL_NVIC_SetPriorityGrouping
 .text.HAL_NVIC_SetPriority
                0x08002936       0x38 ./Drivers/STM32F1xx_HAL_Driver/Src/stm32f1xx_hal_cortex.o
                0x08002936                HAL_NVIC_SetPriority
 .text.HAL_NVIC_EnableIRQ
                0x0800296e       0x1c ./Drivers/STM32F1xx_HAL_Driver/Src/stm32f1xx_hal_cortex.o
                0x0800296e                HAL_NVIC_EnableIRQ
 .text.HAL_SYSTICK_Config
                0x0800298a       0x18 ./Drivers/STM32F1xx_HAL_Driver/Src/stm32f1xx_hal_cortex.o
                0x0800298a                HAL_SYSTICK_Config
 .text.HAL_DMA_Abort
                0x080029a2       0x76 ./Drivers/STM32F1xx_HAL_Driver/Src/stm32f1xx_hal_dma.o
                0x080029a2                HAL_DMA_Abort
 .text.HAL_DMA_Abort_IT
                0x08002a18       0xf0 ./Drivers/STM32F1xx_HAL_Driver/Src/stm32f1xx_hal_dma.o
                0x08002a18                HAL_DMA_Abort_IT
 .text.HAL_GPIO_Init
                0x08002b08      0x308 ./Drivers/STM32F1xx_HAL_Driver/Src/stm32f1xx_hal_gpio.o
                0x08002b08                HAL_GPIO_Init
 .text.HAL_I2C_Init
                0x08002e10      0x288 ./Drivers/STM32F1xx_HAL_Driver/Src/stm32f1xx_hal_i2c.o
                0x08002e10                HAL_I2C_Init
 .text.HAL_I2C_Master_Transmit
                0x08003098      0x1fc ./Drivers/STM32F1xx_HAL_Driver/Src/stm32f1xx_hal_i2c.o
                0x08003098                HAL_I2C_Master_Transmit
 .text.I2C_MasterRequestWrite
                0x08003294      0x104 ./Drivers/STM32F1xx_HAL_Driver/Src/stm32f1xx_hal_i2c.o
 .text.I2C_WaitOnFlagUntilTimeout
                0x08003398       0xf4 ./Drivers/STM32F1xx_HAL_Driver/Src/stm32f1xx_hal_i2c.o
 .text.I2C_WaitOnMasterAddressFlagUntilTimeout
                0x0800348c      0x140 ./Drivers/STM32F1xx_HAL_Driver/Src/stm32f1xx_hal_i2c.o
 .text.I2C_WaitOnTXEFlagUntilTimeout
                0x080035cc       0x90 ./Drivers/STM32F1xx_HAL_Driver/Src/stm32f1xx_hal_i2c.o
 .text.I2C_WaitOnBTFFlagUntilTimeout
                0x0800365c       0x90 ./Drivers/STM32F1xx_HAL_Driver/Src/stm32f1xx_hal_i2c.o
 .text.I2C_IsAcknowledgeFailed
                0x080036ec       0x5c ./Drivers/STM32F1xx_HAL_Driver/Src/stm32f1xx_hal_i2c.o
 .text.HAL_RCC_OscConfig
                0x08003748      0x504 ./Drivers/STM32F1xx_HAL_Driver/Src/stm32f1xx_hal_rcc.o
                0x08003748                HAL_RCC_OscConfig
 .text.HAL_RCC_ClockConfig
                0x08003c4c      0x1d4 ./Drivers/STM32F1xx_HAL_Driver/Src/stm32f1xx_hal_rcc.o
                0x08003c4c                HAL_RCC_ClockConfig
 .text.HAL_RCC_GetSysClockFreq
                0x08003e20       0xa8 ./Drivers/STM32F1xx_HAL_Driver/Src/stm32f1xx_hal_rcc.o
                0x08003e20                HAL_RCC_GetSysClockFreq
 .text.HAL_RCC_GetHCLKFreq
                0x08003ec8       0x14 ./Drivers/STM32F1xx_HAL_Driver/Src/stm32f1xx_hal_rcc.o
                0x08003ec8                HAL_RCC_GetHCLKFreq
 .text.HAL_RCC_GetPCLK1Freq
                0x08003edc       0x28 ./Drivers/STM32F1xx_HAL_Driver/Src/stm32f1xx_hal_rcc.o
                0x08003edc                HAL_RCC_GetPCLK1Freq
 .text.HAL_RCC_GetPCLK2Freq
                0x08003f04       0x28 ./Drivers/STM32F1xx_HAL_Driver/Src/stm32f1xx_hal_rcc.o
                0x08003f04                HAL_RCC_GetPCLK2Freq
 .text.RCC_Delay
                0x08003f2c       0x3c ./Drivers/STM32F1xx_HAL_Driver/Src/stm32f1xx_hal_rcc.o
 .text.HAL_TIM_Base_Init
                0x08003f68       0x9e ./Drivers/STM32F1xx_HAL_Driver/Src/stm32f1xx_hal_tim.o
                0x08003f68                HAL_TIM_Base_Init
 *fill*         0x08004006        0x2 
 .text.HAL_TIM_Base_Start_IT
                0x08004008       0xa4 ./Drivers/STM32F1xx_HAL_Driver/Src/stm32f1xx_hal_tim.o
                0x08004008                HAL_TIM_Base_Start_IT
 .text.HAL_TIM_PWM_Init
                0x080040ac       0x9e ./Drivers/STM32F1xx_HAL_Driver/Src/stm32f1xx_hal_tim.o
                0x080040ac                HAL_TIM_PWM_Init
 .text.HAL_TIM_PWM_MspInit
                0x0800414a       0x12 ./Drivers/STM32F1xx_HAL_Driver/Src/stm32f1xx_hal_tim.o
                0x0800414a                HAL_TIM_PWM_MspInit
 .text.HAL_TIM_PWM_Start
                0x0800415c      0x144 ./Drivers/STM32F1xx_HAL_Driver/Src/stm32f1xx_hal_tim.o
                0x0800415c                HAL_TIM_PWM_Start
 .text.HAL_TIM_IC_Init
                0x080042a0       0x9e ./Drivers/STM32F1xx_HAL_Driver/Src/stm32f1xx_hal_tim.o
                0x080042a0                HAL_TIM_IC_Init
 .text.HAL_TIM_Encoder_Init
                0x0800433e      0x144 ./Drivers/STM32F1xx_HAL_Driver/Src/stm32f1xx_hal_tim.o
                0x0800433e                HAL_TIM_Encoder_Init
 .text.HAL_TIM_Encoder_MspInit
                0x08004482       0x12 ./Drivers/STM32F1xx_HAL_Driver/Src/stm32f1xx_hal_tim.o
                0x08004482                HAL_TIM_Encoder_MspInit
 .text.HAL_TIM_Encoder_Start
                0x08004494      0x11c ./Drivers/STM32F1xx_HAL_Driver/Src/stm32f1xx_hal_tim.o
                0x08004494                HAL_TIM_Encoder_Start
 .text.HAL_TIM_IRQHandler
                0x080045b0      0x210 ./Drivers/STM32F1xx_HAL_Driver/Src/stm32f1xx_hal_tim.o
                0x080045b0                HAL_TIM_IRQHandler
 .text.HAL_TIM_IC_ConfigChannel
                0x080047c0      0x138 ./Drivers/STM32F1xx_HAL_Driver/Src/stm32f1xx_hal_tim.o
                0x080047c0                HAL_TIM_IC_ConfigChannel
 .text.HAL_TIM_PWM_ConfigChannel
                0x080048f8      0x184 ./Drivers/STM32F1xx_HAL_Driver/Src/stm32f1xx_hal_tim.o
                0x080048f8                HAL_TIM_PWM_ConfigChannel
 .text.HAL_TIM_ConfigClockSource
                0x08004a7c      0x18e ./Drivers/STM32F1xx_HAL_Driver/Src/stm32f1xx_hal_tim.o
                0x08004a7c                HAL_TIM_ConfigClockSource
 .text.HAL_TIM_OC_DelayElapsedCallback
                0x08004c0a       0x12 ./Drivers/STM32F1xx_HAL_Driver/Src/stm32f1xx_hal_tim.o
                0x08004c0a                HAL_TIM_OC_DelayElapsedCallback
 .text.HAL_TIM_PWM_PulseFinishedCallback
                0x08004c1c       0x12 ./Drivers/STM32F1xx_HAL_Driver/Src/stm32f1xx_hal_tim.o
                0x08004c1c                HAL_TIM_PWM_PulseFinishedCallback
 .text.HAL_TIM_TriggerCallback
                0x08004c2e       0x12 ./Drivers/STM32F1xx_HAL_Driver/Src/stm32f1xx_hal_tim.o
                0x08004c2e                HAL_TIM_TriggerCallback
 .text.TIM_Base_SetConfig
                0x08004c40       0xc4 ./Drivers/STM32F1xx_HAL_Driver/Src/stm32f1xx_hal_tim.o
                0x08004c40                TIM_Base_SetConfig
 .text.TIM_OC1_SetConfig
                0x08004d04       0xcc ./Drivers/STM32F1xx_HAL_Driver/Src/stm32f1xx_hal_tim.o
 .text.TIM_OC2_SetConfig
                0x08004dd0       0xd4 ./Drivers/STM32F1xx_HAL_Driver/Src/stm32f1xx_hal_tim.o
                0x08004dd0                TIM_OC2_SetConfig
 .text.TIM_OC3_SetConfig
                0x08004ea4       0xd4 ./Drivers/STM32F1xx_HAL_Driver/Src/stm32f1xx_hal_tim.o
 .text.TIM_OC4_SetConfig
                0x08004f78       0x9c ./Drivers/STM32F1xx_HAL_Driver/Src/stm32f1xx_hal_tim.o
 .text.TIM_TI1_SetConfig
                0x08005014       0xb4 ./Drivers/STM32F1xx_HAL_Driver/Src/stm32f1xx_hal_tim.o
                0x08005014                TIM_TI1_SetConfig
 .text.TIM_TI1_ConfigInputStage
                0x080050c8       0x5c ./Drivers/STM32F1xx_HAL_Driver/Src/stm32f1xx_hal_tim.o
 .text.TIM_TI2_SetConfig
                0x08005124       0x78 ./Drivers/STM32F1xx_HAL_Driver/Src/stm32f1xx_hal_tim.o
 .text.TIM_TI2_ConfigInputStage
                0x0800519c       0x5e ./Drivers/STM32F1xx_HAL_Driver/Src/stm32f1xx_hal_tim.o
 .text.TIM_TI3_SetConfig
                0x080051fa       0x76 ./Drivers/STM32F1xx_HAL_Driver/Src/stm32f1xx_hal_tim.o
 .text.TIM_TI4_SetConfig
                0x08005270       0x78 ./Drivers/STM32F1xx_HAL_Driver/Src/stm32f1xx_hal_tim.o
 .text.TIM_ITRx_SetConfig
                0x080052e8       0x34 ./Drivers/STM32F1xx_HAL_Driver/Src/stm32f1xx_hal_tim.o
 .text.TIM_ETR_SetConfig
                0x0800531c       0x3e ./Drivers/STM32F1xx_HAL_Driver/Src/stm32f1xx_hal_tim.o
                0x0800531c                TIM_ETR_SetConfig
 .text.TIM_CCxChannelCmd
                0x0800535a       0x48 ./Drivers/STM32F1xx_HAL_Driver/Src/stm32f1xx_hal_tim.o
                0x0800535a                TIM_CCxChannelCmd
 *fill*         0x080053a2        0x2 
 .text.HAL_TIMEx_MasterConfigSynchronization
                0x080053a4       0xbc ./Drivers/STM32F1xx_HAL_Driver/Src/stm32f1xx_hal_tim_ex.o
                0x080053a4                HAL_TIMEx_MasterConfigSynchronization
 .text.HAL_TIMEx_ConfigBreakDeadTime
                0x08005460       0xa2 ./Drivers/STM32F1xx_HAL_Driver/Src/stm32f1xx_hal_tim_ex.o
                0x08005460                HAL_TIMEx_ConfigBreakDeadTime
 .text.HAL_TIMEx_CommutCallback
                0x08005502       0x12 ./Drivers/STM32F1xx_HAL_Driver/Src/stm32f1xx_hal_tim_ex.o
                0x08005502                HAL_TIMEx_CommutCallback
 .text.HAL_TIMEx_BreakCallback
                0x08005514       0x12 ./Drivers/STM32F1xx_HAL_Driver/Src/stm32f1xx_hal_tim_ex.o
                0x08005514                HAL_TIMEx_BreakCallback
 .text.HAL_UART_Init
                0x08005526       0xa0 ./Drivers/STM32F1xx_HAL_Driver/Src/stm32f1xx_hal_uart.o
                0x08005526                HAL_UART_Init
 .text.HAL_UART_Transmit_IT
                0x080055c6       0x6a ./Drivers/STM32F1xx_HAL_Driver/Src/stm32f1xx_hal_uart.o
                0x080055c6                HAL_UART_Transmit_IT
 .text.HAL_UART_Receive_IT
                0x08005630       0x4a ./Drivers/STM32F1xx_HAL_Driver/Src/stm32f1xx_hal_uart.o
                0x08005630                HAL_UART_Receive_IT
 *fill*         0x0800567a        0x2 
 .text.HAL_UART_IRQHandler
                0x0800567c      0x524 ./Drivers/STM32F1xx_HAL_Driver/Src/stm32f1xx_hal_uart.o
                0x0800567c                HAL_UART_IRQHandler
 .text.HAL_UART_TxCpltCallback
                0x08005ba0       0x12 ./Drivers/STM32F1xx_HAL_Driver/Src/stm32f1xx_hal_uart.o
                0x08005ba0                HAL_UART_TxCpltCallback
 .text.HAL_UART_ErrorCallback
                0x08005bb2       0x12 ./Drivers/STM32F1xx_HAL_Driver/Src/stm32f1xx_hal_uart.o
                0x08005bb2                HAL_UART_ErrorCallback
 .text.HAL_UARTEx_RxEventCallback
                0x08005bc4       0x16 ./Drivers/STM32F1xx_HAL_Driver/Src/stm32f1xx_hal_uart.o
                0x08005bc4                HAL_UARTEx_RxEventCallback
 .text.UART_Start_Receive_IT
                0x08005bda       0x72 ./Drivers/STM32F1xx_HAL_Driver/Src/stm32f1xx_hal_uart.o
                0x08005bda                UART_Start_Receive_IT
 .text.UART_EndRxTransfer
                0x08005c4c       0xc4 ./Drivers/STM32F1xx_HAL_Driver/Src/stm32f1xx_hal_uart.o
 .text.UART_DMAAbortOnError
                0x08005d10       0x28 ./Drivers/STM32F1xx_HAL_Driver/Src/stm32f1xx_hal_uart.o
 .text.UART_Transmit_IT
                0x08005d38       0x9e ./Drivers/STM32F1xx_HAL_Driver/Src/stm32f1xx_hal_uart.o
 .text.UART_EndTransmit_IT
                0x08005dd6       0x30 ./Drivers/STM32F1xx_HAL_Driver/Src/stm32f1xx_hal_uart.o
 .text.UART_Receive_IT
                0x08005e06      0x17c ./Drivers/STM32F1xx_HAL_Driver/Src/stm32f1xx_hal_uart.o
 *fill*         0x08005f82        0x2 
 .text.UART_SetConfig
                0x08005f84      0x11c ./Drivers/STM32F1xx_HAL_Driver/Src/stm32f1xx_hal_uart.o
 .text.__cvt    0x080060a0       0xc8 D:/ST/STM32CubeIDE_1.11.0/STM32CubeIDE/plugins/com.st.stm32cube.ide.mcu.externaltools.gnu-tools-for-stm32.12.3.rel1.win32_1.0.200.202406191623/tools/bin/../lib/gcc/arm-none-eabi/12.3.1/../../../../arm-none-eabi/lib/thumb/v7-m/nofp\libc_nano.a(libc_a-nano-vfprintf_float.o)
                0x080060a0                __cvt
 .text.__exponent
                0x08006168       0x74 D:/ST/STM32CubeIDE_1.11.0/STM32CubeIDE/plugins/com.st.stm32cube.ide.mcu.externaltools.gnu-tools-for-stm32.12.3.rel1.win32_1.0.200.202406191623/tools/bin/../lib/gcc/arm-none-eabi/12.3.1/../../../../arm-none-eabi/lib/thumb/v7-m/nofp\libc_nano.a(libc_a-nano-vfprintf_float.o)
                0x08006168                __exponent
 .text._printf_float
                0x080061dc      0x458 D:/ST/STM32CubeIDE_1.11.0/STM32CubeIDE/plugins/com.st.stm32cube.ide.mcu.externaltools.gnu-tools-for-stm32.12.3.rel1.win32_1.0.200.202406191623/tools/bin/../lib/gcc/arm-none-eabi/12.3.1/../../../../arm-none-eabi/lib/thumb/v7-m/nofp\libc_nano.a(libc_a-nano-vfprintf_float.o)
                0x080061dc                _printf_float
 .text._printf_common
                0x08006634       0xe4 D:/ST/STM32CubeIDE_1.11.0/STM32CubeIDE/plugins/com.st.stm32cube.ide.mcu.externaltools.gnu-tools-for-stm32.12.3.rel1.win32_1.0.200.202406191623/tools/bin/../lib/gcc/arm-none-eabi/12.3.1/../../../../arm-none-eabi/lib/thumb/v7-m/nofp\libc_nano.a(libc_a-nano-vfprintf_i.o)
                0x08006634                _printf_common
 .text._printf_i
                0x08006718      0x240 D:/ST/STM32CubeIDE_1.11.0/STM32CubeIDE/plugins/com.st.stm32cube.ide.mcu.externaltools.gnu-tools-for-stm32.12.3.rel1.win32_1.0.200.202406191623/tools/bin/../lib/gcc/arm-none-eabi/12.3.1/../../../../arm-none-eabi/lib/thumb/v7-m/nofp\libc_nano.a(libc_a-nano-vfprintf_i.o)
                0x08006718                _printf_i
 .text._scanf_float
                0x08006958      0x420 D:/ST/STM32CubeIDE_1.11.0/STM32CubeIDE/plugins/com.st.stm32cube.ide.mcu.externaltools.gnu-tools-for-stm32.12.3.rel1.win32_1.0.200.202406191623/tools/bin/../lib/gcc/arm-none-eabi/12.3.1/../../../../arm-none-eabi/lib/thumb/v7-m/nofp\libc_nano.a(libc_a-nano-vfscanf_float.o)
                0x08006958                _scanf_float
 .text.std      0x08006d78       0x6c D:/ST/STM32CubeIDE_1.11.0/STM32CubeIDE/plugins/com.st.stm32cube.ide.mcu.externaltools.gnu-tools-for-stm32.12.3.rel1.win32_1.0.200.202406191623/tools/bin/../lib/gcc/arm-none-eabi/12.3.1/../../../../arm-none-eabi/lib/thumb/v7-m/nofp\libc_nano.a(libc_a-findfp.o)
 .text.stdio_exit_handler
                0x08006de4       0x18 D:/ST/STM32CubeIDE_1.11.0/STM32CubeIDE/plugins/com.st.stm32cube.ide.mcu.externaltools.gnu-tools-for-stm32.12.3.rel1.win32_1.0.200.202406191623/tools/bin/../lib/gcc/arm-none-eabi/12.3.1/../../../../arm-none-eabi/lib/thumb/v7-m/nofp\libc_nano.a(libc_a-findfp.o)
 .text.cleanup_stdio
                0x08006dfc       0x40 D:/ST/STM32CubeIDE_1.11.0/STM32CubeIDE/plugins/com.st.stm32cube.ide.mcu.externaltools.gnu-tools-for-stm32.12.3.rel1.win32_1.0.200.202406191623/tools/bin/../lib/gcc/arm-none-eabi/12.3.1/../../../../arm-none-eabi/lib/thumb/v7-m/nofp\libc_nano.a(libc_a-findfp.o)
 .text.global_stdio_init.part.0
                0x08006e3c       0x3c D:/ST/STM32CubeIDE_1.11.0/STM32CubeIDE/plugins/com.st.stm32cube.ide.mcu.externaltools.gnu-tools-for-stm32.12.3.rel1.win32_1.0.200.202406191623/tools/bin/../lib/gcc/arm-none-eabi/12.3.1/../../../../arm-none-eabi/lib/thumb/v7-m/nofp\libc_nano.a(libc_a-findfp.o)
 .text.__sfp_lock_acquire
                0x08006e78        0xc D:/ST/STM32CubeIDE_1.11.0/STM32CubeIDE/plugins/com.st.stm32cube.ide.mcu.externaltools.gnu-tools-for-stm32.12.3.rel1.win32_1.0.200.202406191623/tools/bin/../lib/gcc/arm-none-eabi/12.3.1/../../../../arm-none-eabi/lib/thumb/v7-m/nofp\libc_nano.a(libc_a-findfp.o)
                0x08006e78                __sfp_lock_acquire
 .text.__sfp_lock_release
                0x08006e84        0xc D:/ST/STM32CubeIDE_1.11.0/STM32CubeIDE/plugins/com.st.stm32cube.ide.mcu.externaltools.gnu-tools-for-stm32.12.3.rel1.win32_1.0.200.202406191623/tools/bin/../lib/gcc/arm-none-eabi/12.3.1/../../../../arm-none-eabi/lib/thumb/v7-m/nofp\libc_nano.a(libc_a-findfp.o)
                0x08006e84                __sfp_lock_release
 .text.__sinit  0x08006e90       0x30 D:/ST/STM32CubeIDE_1.11.0/STM32CubeIDE/plugins/com.st.stm32cube.ide.mcu.externaltools.gnu-tools-for-stm32.12.3.rel1.win32_1.0.200.202406191623/tools/bin/../lib/gcc/arm-none-eabi/12.3.1/../../../../arm-none-eabi/lib/thumb/v7-m/nofp\libc_nano.a(libc_a-findfp.o)
                0x08006e90                __sinit
 .text._fwalk_sglue
                0x08006ec0       0x3c D:/ST/STM32CubeIDE_1.11.0/STM32CubeIDE/plugins/com.st.stm32cube.ide.mcu.externaltools.gnu-tools-for-stm32.12.3.rel1.win32_1.0.200.202406191623/tools/bin/../lib/gcc/arm-none-eabi/12.3.1/../../../../arm-none-eabi/lib/thumb/v7-m/nofp\libc_nano.a(libc_a-fwalk.o)
                0x08006ec0                _fwalk_sglue
 .text.sprintf  0x08006efc       0x40 D:/ST/STM32CubeIDE_1.11.0/STM32CubeIDE/plugins/com.st.stm32cube.ide.mcu.externaltools.gnu-tools-for-stm32.12.3.rel1.win32_1.0.200.202406191623/tools/bin/../lib/gcc/arm-none-eabi/12.3.1/../../../../arm-none-eabi/lib/thumb/v7-m/nofp\libc_nano.a(libc_a-sprintf.o)
                0x08006efc                siprintf
                0x08006efc                sprintf
 .text.__sread  0x08006f3c       0x22 D:/ST/STM32CubeIDE_1.11.0/STM32CubeIDE/plugins/com.st.stm32cube.ide.mcu.externaltools.gnu-tools-for-stm32.12.3.rel1.win32_1.0.200.202406191623/tools/bin/../lib/gcc/arm-none-eabi/12.3.1/../../../../arm-none-eabi/lib/thumb/v7-m/nofp\libc_nano.a(libc_a-stdio.o)
                0x08006f3c                __sread
 .text.__swrite
                0x08006f5e       0x38 D:/ST/STM32CubeIDE_1.11.0/STM32CubeIDE/plugins/com.st.stm32cube.ide.mcu.externaltools.gnu-tools-for-stm32.12.3.rel1.win32_1.0.200.202406191623/tools/bin/../lib/gcc/arm-none-eabi/12.3.1/../../../../arm-none-eabi/lib/thumb/v7-m/nofp\libc_nano.a(libc_a-stdio.o)
                0x08006f5e                __swrite
 .text.__sseek  0x08006f96       0x24 D:/ST/STM32CubeIDE_1.11.0/STM32CubeIDE/plugins/com.st.stm32cube.ide.mcu.externaltools.gnu-tools-for-stm32.12.3.rel1.win32_1.0.200.202406191623/tools/bin/../lib/gcc/arm-none-eabi/12.3.1/../../../../arm-none-eabi/lib/thumb/v7-m/nofp\libc_nano.a(libc_a-stdio.o)
                0x08006f96                __sseek
 .text.__sclose
                0x08006fba        0x8 D:/ST/STM32CubeIDE_1.11.0/STM32CubeIDE/plugins/com.st.stm32cube.ide.mcu.externaltools.gnu-tools-for-stm32.12.3.rel1.win32_1.0.200.202406191623/tools/bin/../lib/gcc/arm-none-eabi/12.3.1/../../../../arm-none-eabi/lib/thumb/v7-m/nofp\libc_nano.a(libc_a-stdio.o)
                0x08006fba                __sclose
 .text.memset   0x08006fc2       0x10 D:/ST/STM32CubeIDE_1.11.0/STM32CubeIDE/plugins/com.st.stm32cube.ide.mcu.externaltools.gnu-tools-for-stm32.12.3.rel1.win32_1.0.200.202406191623/tools/bin/../lib/gcc/arm-none-eabi/12.3.1/../../../../arm-none-eabi/lib/thumb/v7-m/nofp\libc_nano.a(libc_a-memset.o)
                0x08006fc2                memset
 *fill*         0x08006fd2        0x2 
 .text._localeconv_r
                0x08006fd4        0x8 D:/ST/STM32CubeIDE_1.11.0/STM32CubeIDE/plugins/com.st.stm32cube.ide.mcu.externaltools.gnu-tools-for-stm32.12.3.rel1.win32_1.0.200.202406191623/tools/bin/../lib/gcc/arm-none-eabi/12.3.1/../../../../arm-none-eabi/lib/thumb/v7-m/nofp\libc_nano.a(libc_a-localeconv.o)
                0x08006fd4                _localeconv_r
 .text._close_r
                0x08006fdc       0x20 D:/ST/STM32CubeIDE_1.11.0/STM32CubeIDE/plugins/com.st.stm32cube.ide.mcu.externaltools.gnu-tools-for-stm32.12.3.rel1.win32_1.0.200.202406191623/tools/bin/../lib/gcc/arm-none-eabi/12.3.1/../../../../arm-none-eabi/lib/thumb/v7-m/nofp\libc_nano.a(libc_a-closer.o)
                0x08006fdc                _close_r
 .text._lseek_r
                0x08006ffc       0x24 D:/ST/STM32CubeIDE_1.11.0/STM32CubeIDE/plugins/com.st.stm32cube.ide.mcu.externaltools.gnu-tools-for-stm32.12.3.rel1.win32_1.0.200.202406191623/tools/bin/../lib/gcc/arm-none-eabi/12.3.1/../../../../arm-none-eabi/lib/thumb/v7-m/nofp\libc_nano.a(libc_a-lseekr.o)
                0x08006ffc                _lseek_r
 .text._read_r  0x08007020       0x24 D:/ST/STM32CubeIDE_1.11.0/STM32CubeIDE/plugins/com.st.stm32cube.ide.mcu.externaltools.gnu-tools-for-stm32.12.3.rel1.win32_1.0.200.202406191623/tools/bin/../lib/gcc/arm-none-eabi/12.3.1/../../../../arm-none-eabi/lib/thumb/v7-m/nofp\libc_nano.a(libc_a-readr.o)
                0x08007020                _read_r
 .text._write_r
                0x08007044       0x24 D:/ST/STM32CubeIDE_1.11.0/STM32CubeIDE/plugins/com.st.stm32cube.ide.mcu.externaltools.gnu-tools-for-stm32.12.3.rel1.win32_1.0.200.202406191623/tools/bin/../lib/gcc/arm-none-eabi/12.3.1/../../../../arm-none-eabi/lib/thumb/v7-m/nofp\libc_nano.a(libc_a-writer.o)
                0x08007044                _write_r
 .text.__errno  0x08007068        0xc D:/ST/STM32CubeIDE_1.11.0/STM32CubeIDE/plugins/com.st.stm32cube.ide.mcu.externaltools.gnu-tools-for-stm32.12.3.rel1.win32_1.0.200.202406191623/tools/bin/../lib/gcc/arm-none-eabi/12.3.1/../../../../arm-none-eabi/lib/thumb/v7-m/nofp\libc_nano.a(libc_a-errno.o)
                0x08007068                __errno
 .text.__libc_init_array
                0x08007074       0x48 D:/ST/STM32CubeIDE_1.11.0/STM32CubeIDE/plugins/com.st.stm32cube.ide.mcu.externaltools.gnu-tools-for-stm32.12.3.rel1.win32_1.0.200.202406191623/tools/bin/../lib/gcc/arm-none-eabi/12.3.1/../../../../arm-none-eabi/lib/thumb/v7-m/nofp\libc_nano.a(libc_a-init.o)
                0x08007074                __libc_init_array
 .text.__retarget_lock_init_recursive
                0x080070bc        0x2 D:/ST/STM32CubeIDE_1.11.0/STM32CubeIDE/plugins/com.st.stm32cube.ide.mcu.externaltools.gnu-tools-for-stm32.12.3.rel1.win32_1.0.200.202406191623/tools/bin/../lib/gcc/arm-none-eabi/12.3.1/../../../../arm-none-eabi/lib/thumb/v7-m/nofp\libc_nano.a(libc_a-lock.o)
                0x080070bc                __retarget_lock_init_recursive
 .text.__retarget_lock_acquire_recursive
                0x080070be        0x2 D:/ST/STM32CubeIDE_1.11.0/STM32CubeIDE/plugins/com.st.stm32cube.ide.mcu.externaltools.gnu-tools-for-stm32.12.3.rel1.win32_1.0.200.202406191623/tools/bin/../lib/gcc/arm-none-eabi/12.3.1/../../../../arm-none-eabi/lib/thumb/v7-m/nofp\libc_nano.a(libc_a-lock.o)
                0x080070be                __retarget_lock_acquire_recursive
 .text.__retarget_lock_release_recursive
                0x080070c0        0x2 D:/ST/STM32CubeIDE_1.11.0/STM32CubeIDE/plugins/com.st.stm32cube.ide.mcu.externaltools.gnu-tools-for-stm32.12.3.rel1.win32_1.0.200.202406191623/tools/bin/../lib/gcc/arm-none-eabi/12.3.1/../../../../arm-none-eabi/lib/thumb/v7-m/nofp\libc_nano.a(libc_a-lock.o)
                0x080070c0                __retarget_lock_release_recursive
 .text.memchr   0x080070c2       0x1c D:/ST/STM32CubeIDE_1.11.0/STM32CubeIDE/plugins/com.st.stm32cube.ide.mcu.externaltools.gnu-tools-for-stm32.12.3.rel1.win32_1.0.200.202406191623/tools/bin/../lib/gcc/arm-none-eabi/12.3.1/../../../../arm-none-eabi/lib/thumb/v7-m/nofp\libc_nano.a(libc_a-memchr-stub.o)
                0x080070c2                memchr
 .text.memcpy   0x080070de       0x1c D:/ST/STM32CubeIDE_1.11.0/STM32CubeIDE/plugins/com.st.stm32cube.ide.mcu.externaltools.gnu-tools-for-stm32.12.3.rel1.win32_1.0.200.202406191623/tools/bin/../lib/gcc/arm-none-eabi/12.3.1/../../../../arm-none-eabi/lib/thumb/v7-m/nofp\libc_nano.a(libc_a-memcpy-stub.o)
                0x080070de                memcpy
 *fill*         0x080070fa        0x2 
 .text.nanf     0x080070fc        0x8 D:/ST/STM32CubeIDE_1.11.0/STM32CubeIDE/plugins/com.st.stm32cube.ide.mcu.externaltools.gnu-tools-for-stm32.12.3.rel1.win32_1.0.200.202406191623/tools/bin/../lib/gcc/arm-none-eabi/12.3.1/../../../../arm-none-eabi/lib/thumb/v7-m/nofp\libc_nano.a(libm_a-sf_nan.o)
                0x080070fc                nanf
 .text.quorem   0x08007104      0x110 D:/ST/STM32CubeIDE_1.11.0/STM32CubeIDE/plugins/com.st.stm32cube.ide.mcu.externaltools.gnu-tools-for-stm32.12.3.rel1.win32_1.0.200.202406191623/tools/bin/../lib/gcc/arm-none-eabi/12.3.1/../../../../arm-none-eabi/lib/thumb/v7-m/nofp\libc_nano.a(libc_a-dtoa.o)
 *fill*         0x08007214        0x4 
 .text._dtoa_r  0x08007218      0xb90 D:/ST/STM32CubeIDE_1.11.0/STM32CubeIDE/plugins/com.st.stm32cube.ide.mcu.externaltools.gnu-tools-for-stm32.12.3.rel1.win32_1.0.200.202406191623/tools/bin/../lib/gcc/arm-none-eabi/12.3.1/../../../../arm-none-eabi/lib/thumb/v7-m/nofp\libc_nano.a(libc_a-dtoa.o)
                0x08007218                _dtoa_r
 .text._free_r  0x08007da8       0x90 D:/ST/STM32CubeIDE_1.11.0/STM32CubeIDE/plugins/com.st.stm32cube.ide.mcu.externaltools.gnu-tools-for-stm32.12.3.rel1.win32_1.0.200.202406191623/tools/bin/../lib/gcc/arm-none-eabi/12.3.1/../../../../arm-none-eabi/lib/thumb/v7-m/nofp\libc_nano.a(libc_a-freer.o)
                0x08007da8                _free_r
 .text.malloc   0x08007e38       0x10 D:/ST/STM32CubeIDE_1.11.0/STM32CubeIDE/plugins/com.st.stm32cube.ide.mcu.externaltools.gnu-tools-for-stm32.12.3.rel1.win32_1.0.200.202406191623/tools/bin/../lib/gcc/arm-none-eabi/12.3.1/../../../../arm-none-eabi/lib/thumb/v7-m/nofp\libc_nano.a(libc_a-malloc.o)
                0x08007e38                malloc
 .text.sbrk_aligned
                0x08007e48       0x44 D:/ST/STM32CubeIDE_1.11.0/STM32CubeIDE/plugins/com.st.stm32cube.ide.mcu.externaltools.gnu-tools-for-stm32.12.3.rel1.win32_1.0.200.202406191623/tools/bin/../lib/gcc/arm-none-eabi/12.3.1/../../../../arm-none-eabi/lib/thumb/v7-m/nofp\libc_nano.a(libc_a-mallocr.o)
 .text._malloc_r
                0x08007e8c      0x100 D:/ST/STM32CubeIDE_1.11.0/STM32CubeIDE/plugins/com.st.stm32cube.ide.mcu.externaltools.gnu-tools-for-stm32.12.3.rel1.win32_1.0.200.202406191623/tools/bin/../lib/gcc/arm-none-eabi/12.3.1/../../../../arm-none-eabi/lib/thumb/v7-m/nofp\libc_nano.a(libc_a-mallocr.o)
                0x08007e8c                _malloc_r
 .text.__malloc_lock
                0x08007f8c        0xc D:/ST/STM32CubeIDE_1.11.0/STM32CubeIDE/plugins/com.st.stm32cube.ide.mcu.externaltools.gnu-tools-for-stm32.12.3.rel1.win32_1.0.200.202406191623/tools/bin/../lib/gcc/arm-none-eabi/12.3.1/../../../../arm-none-eabi/lib/thumb/v7-m/nofp\libc_nano.a(libc_a-mlock.o)
                0x08007f8c                __malloc_lock
 .text.__malloc_unlock
                0x08007f98        0xc D:/ST/STM32CubeIDE_1.11.0/STM32CubeIDE/plugins/com.st.stm32cube.ide.mcu.externaltools.gnu-tools-for-stm32.12.3.rel1.win32_1.0.200.202406191623/tools/bin/../lib/gcc/arm-none-eabi/12.3.1/../../../../arm-none-eabi/lib/thumb/v7-m/nofp\libc_nano.a(libc_a-mlock.o)
                0x08007f98                __malloc_unlock
 .text._Balloc  0x08007fa4       0x80 D:/ST/STM32CubeIDE_1.11.0/STM32CubeIDE/plugins/com.st.stm32cube.ide.mcu.externaltools.gnu-tools-for-stm32.12.3.rel1.win32_1.0.200.202406191623/tools/bin/../lib/gcc/arm-none-eabi/12.3.1/../../../../arm-none-eabi/lib/thumb/v7-m/nofp\libc_nano.a(libc_a-mprec.o)
                0x08007fa4                _Balloc
 .text._Bfree   0x08008024       0x44 D:/ST/STM32CubeIDE_1.11.0/STM32CubeIDE/plugins/com.st.stm32cube.ide.mcu.externaltools.gnu-tools-for-stm32.12.3.rel1.win32_1.0.200.202406191623/tools/bin/../lib/gcc/arm-none-eabi/12.3.1/../../../../arm-none-eabi/lib/thumb/v7-m/nofp\libc_nano.a(libc_a-mprec.o)
                0x08008024                _Bfree
 .text.__multadd
                0x08008068       0x8c D:/ST/STM32CubeIDE_1.11.0/STM32CubeIDE/plugins/com.st.stm32cube.ide.mcu.externaltools.gnu-tools-for-stm32.12.3.rel1.win32_1.0.200.202406191623/tools/bin/../lib/gcc/arm-none-eabi/12.3.1/../../../../arm-none-eabi/lib/thumb/v7-m/nofp\libc_nano.a(libc_a-mprec.o)
                0x08008068                __multadd
 .text.__s2b    0x080080f4       0x94 D:/ST/STM32CubeIDE_1.11.0/STM32CubeIDE/plugins/com.st.stm32cube.ide.mcu.externaltools.gnu-tools-for-stm32.12.3.rel1.win32_1.0.200.202406191623/tools/bin/../lib/gcc/arm-none-eabi/12.3.1/../../../../arm-none-eabi/lib/thumb/v7-m/nofp\libc_nano.a(libc_a-mprec.o)
                0x080080f4                __s2b
 .text.__hi0bits
                0x08008188       0x3e D:/ST/STM32CubeIDE_1.11.0/STM32CubeIDE/plugins/com.st.stm32cube.ide.mcu.externaltools.gnu-tools-for-stm32.12.3.rel1.win32_1.0.200.202406191623/tools/bin/../lib/gcc/arm-none-eabi/12.3.1/../../../../arm-none-eabi/lib/thumb/v7-m/nofp\libc_nano.a(libc_a-mprec.o)
                0x08008188                __hi0bits
 .text.__lo0bits
                0x080081c6       0x5a D:/ST/STM32CubeIDE_1.11.0/STM32CubeIDE/plugins/com.st.stm32cube.ide.mcu.externaltools.gnu-tools-for-stm32.12.3.rel1.win32_1.0.200.202406191623/tools/bin/../lib/gcc/arm-none-eabi/12.3.1/../../../../arm-none-eabi/lib/thumb/v7-m/nofp\libc_nano.a(libc_a-mprec.o)
                0x080081c6                __lo0bits
 .text.__i2b    0x08008220       0x2c D:/ST/STM32CubeIDE_1.11.0/STM32CubeIDE/plugins/com.st.stm32cube.ide.mcu.externaltools.gnu-tools-for-stm32.12.3.rel1.win32_1.0.200.202406191623/tools/bin/../lib/gcc/arm-none-eabi/12.3.1/../../../../arm-none-eabi/lib/thumb/v7-m/nofp\libc_nano.a(libc_a-mprec.o)
                0x08008220                __i2b
 .text.__multiply
                0x0800824c      0x150 D:/ST/STM32CubeIDE_1.11.0/STM32CubeIDE/plugins/com.st.stm32cube.ide.mcu.externaltools.gnu-tools-for-stm32.12.3.rel1.win32_1.0.200.202406191623/tools/bin/../lib/gcc/arm-none-eabi/12.3.1/../../../../arm-none-eabi/lib/thumb/v7-m/nofp\libc_nano.a(libc_a-mprec.o)
                0x0800824c                __multiply
 .text.__pow5mult
                0x0800839c       0xb4 D:/ST/STM32CubeIDE_1.11.0/STM32CubeIDE/plugins/com.st.stm32cube.ide.mcu.externaltools.gnu-tools-for-stm32.12.3.rel1.win32_1.0.200.202406191623/tools/bin/../lib/gcc/arm-none-eabi/12.3.1/../../../../arm-none-eabi/lib/thumb/v7-m/nofp\libc_nano.a(libc_a-mprec.o)
                0x0800839c                __pow5mult
 .text.__lshift
                0x08008450       0xd8 D:/ST/STM32CubeIDE_1.11.0/STM32CubeIDE/plugins/com.st.stm32cube.ide.mcu.externaltools.gnu-tools-for-stm32.12.3.rel1.win32_1.0.200.202406191623/tools/bin/../lib/gcc/arm-none-eabi/12.3.1/../../../../arm-none-eabi/lib/thumb/v7-m/nofp\libc_nano.a(libc_a-mprec.o)
                0x08008450                __lshift
 .text.__mcmp   0x08008528       0x36 D:/ST/STM32CubeIDE_1.11.0/STM32CubeIDE/plugins/com.st.stm32cube.ide.mcu.externaltools.gnu-tools-for-stm32.12.3.rel1.win32_1.0.200.202406191623/tools/bin/../lib/gcc/arm-none-eabi/12.3.1/../../../../arm-none-eabi/lib/thumb/v7-m/nofp\libc_nano.a(libc_a-mprec.o)
                0x08008528                __mcmp
 *fill*         0x0800855e        0x2 
 .text.__mdiff  0x08008560      0x128 D:/ST/STM32CubeIDE_1.11.0/STM32CubeIDE/plugins/com.st.stm32cube.ide.mcu.externaltools.gnu-tools-for-stm32.12.3.rel1.win32_1.0.200.202406191623/tools/bin/../lib/gcc/arm-none-eabi/12.3.1/../../../../arm-none-eabi/lib/thumb/v7-m/nofp\libc_nano.a(libc_a-mprec.o)
                0x08008560                __mdiff
 .text.__ulp    0x08008688       0x40 D:/ST/STM32CubeIDE_1.11.0/STM32CubeIDE/plugins/com.st.stm32cube.ide.mcu.externaltools.gnu-tools-for-stm32.12.3.rel1.win32_1.0.200.202406191623/tools/bin/../lib/gcc/arm-none-eabi/12.3.1/../../../../arm-none-eabi/lib/thumb/v7-m/nofp\libc_nano.a(libc_a-mprec.o)
                0x08008688                __ulp
 .text.__b2d    0x080086c8       0x90 D:/ST/STM32CubeIDE_1.11.0/STM32CubeIDE/plugins/com.st.stm32cube.ide.mcu.externaltools.gnu-tools-for-stm32.12.3.rel1.win32_1.0.200.202406191623/tools/bin/../lib/gcc/arm-none-eabi/12.3.1/../../../../arm-none-eabi/lib/thumb/v7-m/nofp\libc_nano.a(libc_a-mprec.o)
                0x080086c8                __b2d
 .text.__d2b    0x08008758       0xb0 D:/ST/STM32CubeIDE_1.11.0/STM32CubeIDE/plugins/com.st.stm32cube.ide.mcu.externaltools.gnu-tools-for-stm32.12.3.rel1.win32_1.0.200.202406191623/tools/bin/../lib/gcc/arm-none-eabi/12.3.1/../../../../arm-none-eabi/lib/thumb/v7-m/nofp\libc_nano.a(libc_a-mprec.o)
                0x08008758                __d2b
 .text.__ratio  0x08008808       0x60 D:/ST/STM32CubeIDE_1.11.0/STM32CubeIDE/plugins/com.st.stm32cube.ide.mcu.externaltools.gnu-tools-for-stm32.12.3.rel1.win32_1.0.200.202406191623/tools/bin/../lib/gcc/arm-none-eabi/12.3.1/../../../../arm-none-eabi/lib/thumb/v7-m/nofp\libc_nano.a(libc_a-mprec.o)
                0x08008808                __ratio
 .text.__copybits
                0x08008868       0x46 D:/ST/STM32CubeIDE_1.11.0/STM32CubeIDE/plugins/com.st.stm32cube.ide.mcu.externaltools.gnu-tools-for-stm32.12.3.rel1.win32_1.0.200.202406191623/tools/bin/../lib/gcc/arm-none-eabi/12.3.1/../../../../arm-none-eabi/lib/thumb/v7-m/nofp\libc_nano.a(libc_a-mprec.o)
                0x08008868                __copybits
 .text.__any_on
                0x080088ae       0x42 D:/ST/STM32CubeIDE_1.11.0/STM32CubeIDE/plugins/com.st.stm32cube.ide.mcu.externaltools.gnu-tools-for-stm32.12.3.rel1.win32_1.0.200.202406191623/tools/bin/../lib/gcc/arm-none-eabi/12.3.1/../../../../arm-none-eabi/lib/thumb/v7-m/nofp\libc_nano.a(libc_a-mprec.o)
                0x080088ae                __any_on
 .text.sulp     0x080088f0       0x42 D:/ST/STM32CubeIDE_1.11.0/STM32CubeIDE/plugins/com.st.stm32cube.ide.mcu.externaltools.gnu-tools-for-stm32.12.3.rel1.win32_1.0.200.202406191623/tools/bin/../lib/gcc/arm-none-eabi/12.3.1/../../../../arm-none-eabi/lib/thumb/v7-m/nofp\libc_nano.a(libc_a-strtod.o)
 *fill*         0x08008932        0x6 
 .text._strtod_l
                0x08008938      0xbb0 D:/ST/STM32CubeIDE_1.11.0/STM32CubeIDE/plugins/com.st.stm32cube.ide.mcu.externaltools.gnu-tools-for-stm32.12.3.rel1.win32_1.0.200.202406191623/tools/bin/../lib/gcc/arm-none-eabi/12.3.1/../../../../arm-none-eabi/lib/thumb/v7-m/nofp\libc_nano.a(libc_a-strtod.o)
                0x08008938                _strtod_l
 .text._strtod_r
                0x080094e8        0xc D:/ST/STM32CubeIDE_1.11.0/STM32CubeIDE/plugins/com.st.stm32cube.ide.mcu.externaltools.gnu-tools-for-stm32.12.3.rel1.win32_1.0.200.202406191623/tools/bin/../lib/gcc/arm-none-eabi/12.3.1/../../../../arm-none-eabi/lib/thumb/v7-m/nofp\libc_nano.a(libc_a-strtod.o)
                0x080094e8                _strtod_r
 .text._strtol_l.constprop.0
                0x080094f4       0xf4 D:/ST/STM32CubeIDE_1.11.0/STM32CubeIDE/plugins/com.st.stm32cube.ide.mcu.externaltools.gnu-tools-for-stm32.12.3.rel1.win32_1.0.200.202406191623/tools/bin/../lib/gcc/arm-none-eabi/12.3.1/../../../../arm-none-eabi/lib/thumb/v7-m/nofp\libc_nano.a(libc_a-strtol.o)
 .text._strtol_r
                0x080095e8        0x4 D:/ST/STM32CubeIDE_1.11.0/STM32CubeIDE/plugins/com.st.stm32cube.ide.mcu.externaltools.gnu-tools-for-stm32.12.3.rel1.win32_1.0.200.202406191623/tools/bin/../lib/gcc/arm-none-eabi/12.3.1/../../../../arm-none-eabi/lib/thumb/v7-m/nofp\libc_nano.a(libc_a-strtol.o)
                0x080095e8                _strtol_r
 .text.__ssputs_r
                0x080095ec       0xb6 D:/ST/STM32CubeIDE_1.11.0/STM32CubeIDE/plugins/com.st.stm32cube.ide.mcu.externaltools.gnu-tools-for-stm32.12.3.rel1.win32_1.0.200.202406191623/tools/bin/../lib/gcc/arm-none-eabi/12.3.1/../../../../arm-none-eabi/lib/thumb/v7-m/nofp\libc_nano.a(libc_a-nano-svfprintf.o)
                0x080095ec                __ssputs_r
 *fill*         0x080096a2        0x2 
 .text._svfprintf_r
                0x080096a4      0x1f8 D:/ST/STM32CubeIDE_1.11.0/STM32CubeIDE/plugins/com.st.stm32cube.ide.mcu.externaltools.gnu-tools-for-stm32.12.3.rel1.win32_1.0.200.202406191623/tools/bin/../lib/gcc/arm-none-eabi/12.3.1/../../../../arm-none-eabi/lib/thumb/v7-m/nofp\libc_nano.a(libc_a-nano-svfprintf.o)
                0x080096a4                _svfiprintf_r
                0x080096a4                _svfprintf_r
 .text.__sflush_r
                0x0800989c      0x100 D:/ST/STM32CubeIDE_1.11.0/STM32CubeIDE/plugins/com.st.stm32cube.ide.mcu.externaltools.gnu-tools-for-stm32.12.3.rel1.win32_1.0.200.202406191623/tools/bin/../lib/gcc/arm-none-eabi/12.3.1/../../../../arm-none-eabi/lib/thumb/v7-m/nofp\libc_nano.a(libc_a-fflush.o)
                0x0800989c                __sflush_r
 .text._fflush_r
                0x0800999c       0x50 D:/ST/STM32CubeIDE_1.11.0/STM32CubeIDE/plugins/com.st.stm32cube.ide.mcu.externaltools.gnu-tools-for-stm32.12.3.rel1.win32_1.0.200.202406191623/tools/bin/../lib/gcc/arm-none-eabi/12.3.1/../../../../arm-none-eabi/lib/thumb/v7-m/nofp\libc_nano.a(libc_a-fflush.o)
                0x0800999c                _fflush_r
 .text.memmove  0x080099ec       0x34 D:/ST/STM32CubeIDE_1.11.0/STM32CubeIDE/plugins/com.st.stm32cube.ide.mcu.externaltools.gnu-tools-for-stm32.12.3.rel1.win32_1.0.200.202406191623/tools/bin/../lib/gcc/arm-none-eabi/12.3.1/../../../../arm-none-eabi/lib/thumb/v7-m/nofp\libc_nano.a(libc_a-memmove.o)
                0x080099ec                memmove
 .text.strncmp  0x08009a20       0x24 D:/ST/STM32CubeIDE_1.11.0/STM32CubeIDE/plugins/com.st.stm32cube.ide.mcu.externaltools.gnu-tools-for-stm32.12.3.rel1.win32_1.0.200.202406191623/tools/bin/../lib/gcc/arm-none-eabi/12.3.1/../../../../arm-none-eabi/lib/thumb/v7-m/nofp\libc_nano.a(libc_a-strncmp.o)
                0x08009a20                strncmp
 .text._sbrk_r  0x08009a44       0x20 D:/ST/STM32CubeIDE_1.11.0/STM32CubeIDE/plugins/com.st.stm32cube.ide.mcu.externaltools.gnu-tools-for-stm32.12.3.rel1.win32_1.0.200.202406191623/tools/bin/../lib/gcc/arm-none-eabi/12.3.1/../../../../arm-none-eabi/lib/thumb/v7-m/nofp\libc_nano.a(libc_a-sbrkr.o)
                0x08009a44                _sbrk_r
 .text.nan      0x08009a64        0xc D:/ST/STM32CubeIDE_1.11.0/STM32CubeIDE/plugins/com.st.stm32cube.ide.mcu.externaltools.gnu-tools-for-stm32.12.3.rel1.win32_1.0.200.202406191623/tools/bin/../lib/gcc/arm-none-eabi/12.3.1/../../../../arm-none-eabi/lib/thumb/v7-m/nofp\libc_nano.a(libm_a-s_nan.o)
                0x08009a64                nan
 .text.__assert_func
                0x08009a70       0x3c D:/ST/STM32CubeIDE_1.11.0/STM32CubeIDE/plugins/com.st.stm32cube.ide.mcu.externaltools.gnu-tools-for-stm32.12.3.rel1.win32_1.0.200.202406191623/tools/bin/../lib/gcc/arm-none-eabi/12.3.1/../../../../arm-none-eabi/lib/thumb/v7-m/nofp\libc_nano.a(libc_a-assert.o)
                0x08009a70                __assert_func
 .text._calloc_r
                0x08009aac       0x28 D:/ST/STM32CubeIDE_1.11.0/STM32CubeIDE/plugins/com.st.stm32cube.ide.mcu.externaltools.gnu-tools-for-stm32.12.3.rel1.win32_1.0.200.202406191623/tools/bin/../lib/gcc/arm-none-eabi/12.3.1/../../../../arm-none-eabi/lib/thumb/v7-m/nofp\libc_nano.a(libc_a-callocr.o)
                0x08009aac                _calloc_r
 .text.rshift   0x08009ad4       0xa6 D:/ST/STM32CubeIDE_1.11.0/STM32CubeIDE/plugins/com.st.stm32cube.ide.mcu.externaltools.gnu-tools-for-stm32.12.3.rel1.win32_1.0.200.202406191623/tools/bin/../lib/gcc/arm-none-eabi/12.3.1/../../../../arm-none-eabi/lib/thumb/v7-m/nofp\libc_nano.a(libc_a-gdtoa-gethex.o)
 .text.__hexdig_fun
                0x08009b7a       0x2a D:/ST/STM32CubeIDE_1.11.0/STM32CubeIDE/plugins/com.st.stm32cube.ide.mcu.externaltools.gnu-tools-for-stm32.12.3.rel1.win32_1.0.200.202406191623/tools/bin/../lib/gcc/arm-none-eabi/12.3.1/../../../../arm-none-eabi/lib/thumb/v7-m/nofp\libc_nano.a(libc_a-gdtoa-gethex.o)
                0x08009b7a                __hexdig_fun
 .text.__gethex
                0x08009ba4      0x420 D:/ST/STM32CubeIDE_1.11.0/STM32CubeIDE/plugins/com.st.stm32cube.ide.mcu.externaltools.gnu-tools-for-stm32.12.3.rel1.win32_1.0.200.202406191623/tools/bin/../lib/gcc/arm-none-eabi/12.3.1/../../../../arm-none-eabi/lib/thumb/v7-m/nofp\libc_nano.a(libc_a-gdtoa-gethex.o)
                0x08009ba4                __gethex
 .text.L_shift  0x08009fc4       0x24 D:/ST/STM32CubeIDE_1.11.0/STM32CubeIDE/plugins/com.st.stm32cube.ide.mcu.externaltools.gnu-tools-for-stm32.12.3.rel1.win32_1.0.200.202406191623/tools/bin/../lib/gcc/arm-none-eabi/12.3.1/../../../../arm-none-eabi/lib/thumb/v7-m/nofp\libc_nano.a(libc_a-gdtoa-hexnan.o)
 .text.__match  0x08009fe8       0x28 D:/ST/STM32CubeIDE_1.11.0/STM32CubeIDE/plugins/com.st.stm32cube.ide.mcu.externaltools.gnu-tools-for-stm32.12.3.rel1.win32_1.0.200.202406191623/tools/bin/../lib/gcc/arm-none-eabi/12.3.1/../../../../arm-none-eabi/lib/thumb/v7-m/nofp\libc_nano.a(libc_a-gdtoa-hexnan.o)
                0x08009fe8                __match
 .text.__hexnan
                0x0800a010      0x136 D:/ST/STM32CubeIDE_1.11.0/STM32CubeIDE/plugins/com.st.stm32cube.ide.mcu.externaltools.gnu-tools-for-stm32.12.3.rel1.win32_1.0.200.202406191623/tools/bin/../lib/gcc/arm-none-eabi/12.3.1/../../../../arm-none-eabi/lib/thumb/v7-m/nofp\libc_nano.a(libc_a-gdtoa-hexnan.o)
                0x0800a010                __hexnan
 .text.__ascii_mbtowc
                0x0800a146       0x24 D:/ST/STM32CubeIDE_1.11.0/STM32CubeIDE/plugins/com.st.stm32cube.ide.mcu.externaltools.gnu-tools-for-stm32.12.3.rel1.win32_1.0.200.202406191623/tools/bin/../lib/gcc/arm-none-eabi/12.3.1/../../../../arm-none-eabi/lib/thumb/v7-m/nofp\libc_nano.a(libc_a-mbtowc_r.o)
                0x0800a146                __ascii_mbtowc
 .text._realloc_r
                0x0800a16a       0x5c D:/ST/STM32CubeIDE_1.11.0/STM32CubeIDE/plugins/com.st.stm32cube.ide.mcu.externaltools.gnu-tools-for-stm32.12.3.rel1.win32_1.0.200.202406191623/tools/bin/../lib/gcc/arm-none-eabi/12.3.1/../../../../arm-none-eabi/lib/thumb/v7-m/nofp\libc_nano.a(libc_a-reallocr.o)
                0x0800a16a                _realloc_r
 .text.__ascii_wctomb
                0x0800a1c6       0x1a D:/ST/STM32CubeIDE_1.11.0/STM32CubeIDE/plugins/com.st.stm32cube.ide.mcu.externaltools.gnu-tools-for-stm32.12.3.rel1.win32_1.0.200.202406191623/tools/bin/../lib/gcc/arm-none-eabi/12.3.1/../../../../arm-none-eabi/lib/thumb/v7-m/nofp\libc_nano.a(libc_a-wctomb_r.o)
                0x0800a1c6                __ascii_wctomb
 .text.fprintf  0x0800a1e0       0x24 D:/ST/STM32CubeIDE_1.11.0/STM32CubeIDE/plugins/com.st.stm32cube.ide.mcu.externaltools.gnu-tools-for-stm32.12.3.rel1.win32_1.0.200.202406191623/tools/bin/../lib/gcc/arm-none-eabi/12.3.1/../../../../arm-none-eabi/lib/thumb/v7-m/nofp\libc_nano.a(libc_a-fprintf.o)
                0x0800a1e0                fiprintf
                0x0800a1e0                fprintf
 .text.abort    0x0800a204        0xe D:/ST/STM32CubeIDE_1.11.0/STM32CubeIDE/plugins/com.st.stm32cube.ide.mcu.externaltools.gnu-tools-for-stm32.12.3.rel1.win32_1.0.200.202406191623/tools/bin/../lib/gcc/arm-none-eabi/12.3.1/../../../../arm-none-eabi/lib/thumb/v7-m/nofp\libc_nano.a(libc_a-abort.o)
                0x0800a204                abort
 .text._malloc_usable_size_r
                0x0800a212       0x10 D:/ST/STM32CubeIDE_1.11.0/STM32CubeIDE/plugins/com.st.stm32cube.ide.mcu.externaltools.gnu-tools-for-stm32.12.3.rel1.win32_1.0.200.202406191623/tools/bin/../lib/gcc/arm-none-eabi/12.3.1/../../../../arm-none-eabi/lib/thumb/v7-m/nofp\libc_nano.a(libc_a-msizer.o)
                0x0800a212                _malloc_usable_size_r
 .text.__sfputc_r
                0x0800a222       0x2a D:/ST/STM32CubeIDE_1.11.0/STM32CubeIDE/plugins/com.st.stm32cube.ide.mcu.externaltools.gnu-tools-for-stm32.12.3.rel1.win32_1.0.200.202406191623/tools/bin/../lib/gcc/arm-none-eabi/12.3.1/../../../../arm-none-eabi/lib/thumb/v7-m/nofp\libc_nano.a(libc_a-nano-vfprintf.o)
 .text.__sfputs_r
                0x0800a24c       0x24 D:/ST/STM32CubeIDE_1.11.0/STM32CubeIDE/plugins/com.st.stm32cube.ide.mcu.externaltools.gnu-tools-for-stm32.12.3.rel1.win32_1.0.200.202406191623/tools/bin/../lib/gcc/arm-none-eabi/12.3.1/../../../../arm-none-eabi/lib/thumb/v7-m/nofp\libc_nano.a(libc_a-nano-vfprintf.o)
                0x0800a24c                __sfputs_r
 .text._vfprintf_r
                0x0800a270      0x230 D:/ST/STM32CubeIDE_1.11.0/STM32CubeIDE/plugins/com.st.stm32cube.ide.mcu.externaltools.gnu-tools-for-stm32.12.3.rel1.win32_1.0.200.202406191623/tools/bin/../lib/gcc/arm-none-eabi/12.3.1/../../../../arm-none-eabi/lib/thumb/v7-m/nofp\libc_nano.a(libc_a-nano-vfprintf.o)
                0x0800a270                _vfprintf_r
                0x0800a270                _vfiprintf_r
 .text.__swbuf_r
                0x0800a4a0       0x7c D:/ST/STM32CubeIDE_1.11.0/STM32CubeIDE/plugins/com.st.stm32cube.ide.mcu.externaltools.gnu-tools-for-stm32.12.3.rel1.win32_1.0.200.202406191623/tools/bin/../lib/gcc/arm-none-eabi/12.3.1/../../../../arm-none-eabi/lib/thumb/v7-m/nofp\libc_nano.a(libc_a-wbuf.o)
                0x0800a4a0                __swbuf_r
 .text.__swsetup_r
                0x0800a51c       0xac D:/ST/STM32CubeIDE_1.11.0/STM32CubeIDE/plugins/com.st.stm32cube.ide.mcu.externaltools.gnu-tools-for-stm32.12.3.rel1.win32_1.0.200.202406191623/tools/bin/../lib/gcc/arm-none-eabi/12.3.1/../../../../arm-none-eabi/lib/thumb/v7-m/nofp\libc_nano.a(libc_a-wsetup.o)
                0x0800a51c                __swsetup_r
 .text._raise_r
                0x0800a5c8       0x50 D:/ST/STM32CubeIDE_1.11.0/STM32CubeIDE/plugins/com.st.stm32cube.ide.mcu.externaltools.gnu-tools-for-stm32.12.3.rel1.win32_1.0.200.202406191623/tools/bin/../lib/gcc/arm-none-eabi/12.3.1/../../../../arm-none-eabi/lib/thumb/v7-m/nofp\libc_nano.a(libc_a-signal.o)
                0x0800a5c8                _raise_r
 .text.raise    0x0800a618       0x10 D:/ST/STM32CubeIDE_1.11.0/STM32CubeIDE/plugins/com.st.stm32cube.ide.mcu.externaltools.gnu-tools-for-stm32.12.3.rel1.win32_1.0.200.202406191623/tools/bin/../lib/gcc/arm-none-eabi/12.3.1/../../../../arm-none-eabi/lib/thumb/v7-m/nofp\libc_nano.a(libc_a-signal.o)
                0x0800a618                raise
 .text._kill_r  0x0800a628       0x24 D:/ST/STM32CubeIDE_1.11.0/STM32CubeIDE/plugins/com.st.stm32cube.ide.mcu.externaltools.gnu-tools-for-stm32.12.3.rel1.win32_1.0.200.202406191623/tools/bin/../lib/gcc/arm-none-eabi/12.3.1/../../../../arm-none-eabi/lib/thumb/v7-m/nofp\libc_nano.a(libc_a-signalr.o)
                0x0800a628                _kill_r
 .text._getpid_r
                0x0800a64c        0x4 D:/ST/STM32CubeIDE_1.11.0/STM32CubeIDE/plugins/com.st.stm32cube.ide.mcu.externaltools.gnu-tools-for-stm32.12.3.rel1.win32_1.0.200.202406191623/tools/bin/../lib/gcc/arm-none-eabi/12.3.1/../../../../arm-none-eabi/lib/thumb/v7-m/nofp\libc_nano.a(libc_a-signalr.o)
                0x0800a64c                _getpid_r
 .text.__swhatbuf_r
                0x0800a650       0x4a D:/ST/STM32CubeIDE_1.11.0/STM32CubeIDE/plugins/com.st.stm32cube.ide.mcu.externaltools.gnu-tools-for-stm32.12.3.rel1.win32_1.0.200.202406191623/tools/bin/../lib/gcc/arm-none-eabi/12.3.1/../../../../arm-none-eabi/lib/thumb/v7-m/nofp\libc_nano.a(libc_a-makebuf.o)
                0x0800a650                __swhatbuf_r
 .text.__smakebuf_r
                0x0800a69a       0x78 D:/ST/STM32CubeIDE_1.11.0/STM32CubeIDE/plugins/com.st.stm32cube.ide.mcu.externaltools.gnu-tools-for-stm32.12.3.rel1.win32_1.0.200.202406191623/tools/bin/../lib/gcc/arm-none-eabi/12.3.1/../../../../arm-none-eabi/lib/thumb/v7-m/nofp\libc_nano.a(libc_a-makebuf.o)
                0x0800a69a                __smakebuf_r
 *fill*         0x0800a712        0x2 
 .text._fstat_r
                0x0800a714       0x24 D:/ST/STM32CubeIDE_1.11.0/STM32CubeIDE/plugins/com.st.stm32cube.ide.mcu.externaltools.gnu-tools-for-stm32.12.3.rel1.win32_1.0.200.202406191623/tools/bin/../lib/gcc/arm-none-eabi/12.3.1/../../../../arm-none-eabi/lib/thumb/v7-m/nofp\libc_nano.a(libc_a-fstatr.o)
                0x0800a714                _fstat_r
 .text._isatty_r
                0x0800a738       0x20 D:/ST/STM32CubeIDE_1.11.0/STM32CubeIDE/plugins/com.st.stm32cube.ide.mcu.externaltools.gnu-tools-for-stm32.12.3.rel1.win32_1.0.200.202406191623/tools/bin/../lib/gcc/arm-none-eabi/12.3.1/../../../../arm-none-eabi/lib/thumb/v7-m/nofp\libc_nano.a(libc_a-isattyr.o)
                0x0800a738                _isatty_r
 .text.sin      0x0800a758       0x8c D:/ST/STM32CubeIDE_1.11.0/STM32CubeIDE/plugins/com.st.stm32cube.ide.mcu.externaltools.gnu-tools-for-stm32.12.3.rel1.win32_1.0.200.202406191623/tools/bin/../lib/gcc/arm-none-eabi/12.3.1/../../../../arm-none-eabi/lib/thumb/v7-m/nofp\libm.a(libm_a-s_sin.o)
                0x0800a758                sin
 *fill*         0x0800a7e4        0x4 
 .text.__kernel_cos
                0x0800a7e8      0x17c D:/ST/STM32CubeIDE_1.11.0/STM32CubeIDE/plugins/com.st.stm32cube.ide.mcu.externaltools.gnu-tools-for-stm32.12.3.rel1.win32_1.0.200.202406191623/tools/bin/../lib/gcc/arm-none-eabi/12.3.1/../../../../arm-none-eabi/lib/thumb/v7-m/nofp\libm.a(libm_a-k_cos.o)
                0x0800a7e8                __kernel_cos
 *fill*         0x0800a964        0x4 
 .text.__kernel_sin
                0x0800a968      0x16c D:/ST/STM32CubeIDE_1.11.0/STM32CubeIDE/plugins/com.st.stm32cube.ide.mcu.externaltools.gnu-tools-for-stm32.12.3.rel1.win32_1.0.200.202406191623/tools/bin/../lib/gcc/arm-none-eabi/12.3.1/../../../../arm-none-eabi/lib/thumb/v7-m/nofp\libm.a(libm_a-k_sin.o)
                0x0800a968                __kernel_sin
 *fill*         0x0800aad4        0x4 
 .text.__ieee754_rem_pio2
                0x0800aad8      0x3ec D:/ST/STM32CubeIDE_1.11.0/STM32CubeIDE/plugins/com.st.stm32cube.ide.mcu.externaltools.gnu-tools-for-stm32.12.3.rel1.win32_1.0.200.202406191623/tools/bin/../lib/gcc/arm-none-eabi/12.3.1/../../../../arm-none-eabi/lib/thumb/v7-m/nofp\libm.a(libm_a-e_rem_pio2.o)
                0x0800aad8                __ieee754_rem_pio2
 .text.fabs     0x0800aec4        0x8 D:/ST/STM32CubeIDE_1.11.0/STM32CubeIDE/plugins/com.st.stm32cube.ide.mcu.externaltools.gnu-tools-for-stm32.12.3.rel1.win32_1.0.200.202406191623/tools/bin/../lib/gcc/arm-none-eabi/12.3.1/../../../../arm-none-eabi/lib/thumb/v7-m/nofp\libm.a(libm_a-s_fabs.o)
                0x0800aec4                fabs
 .text.__kernel_rem_pio2
                0x0800aecc      0x648 D:/ST/STM32CubeIDE_1.11.0/STM32CubeIDE/plugins/com.st.stm32cube.ide.mcu.externaltools.gnu-tools-for-stm32.12.3.rel1.win32_1.0.200.202406191623/tools/bin/../lib/gcc/arm-none-eabi/12.3.1/../../../../arm-none-eabi/lib/thumb/v7-m/nofp\libm.a(libm_a-k_rem_pio2.o)
                0x0800aecc                __kernel_rem_pio2
 *fill*         0x0800b514        0x4 
 .text.scalbn   0x0800b518       0xec D:/ST/STM32CubeIDE_1.11.0/STM32CubeIDE/plugins/com.st.stm32cube.ide.mcu.externaltools.gnu-tools-for-stm32.12.3.rel1.win32_1.0.200.202406191623/tools/bin/../lib/gcc/arm-none-eabi/12.3.1/../../../../arm-none-eabi/lib/thumb/v7-m/nofp\libm.a(libm_a-s_scalbn.o)
                0x0800b518                scalbn
 *fill*         0x0800b604        0x4 
 .text.floor    0x0800b608      0x100 D:/ST/STM32CubeIDE_1.11.0/STM32CubeIDE/plugins/com.st.stm32cube.ide.mcu.externaltools.gnu-tools-for-stm32.12.3.rel1.win32_1.0.200.202406191623/tools/bin/../lib/gcc/arm-none-eabi/12.3.1/../../../../arm-none-eabi/lib/thumb/v7-m/nofp\libm.a(libm_a-s_floor.o)
                0x0800b608                floor
 *(.glue_7)
 .glue_7        0x0800b708        0x0 linker stubs
 *(.glue_7t)
 .glue_7t       0x0800b708        0x0 linker stubs
 *(.eh_frame)
 .eh_frame      0x0800b708        0x0 D:/ST/STM32CubeIDE_1.11.0/STM32CubeIDE/plugins/com.st.stm32cube.ide.mcu.externaltools.gnu-tools-for-stm32.12.3.rel1.win32_1.0.200.202406191623/tools/bin/../lib/gcc/arm-none-eabi/12.3.1/thumb/v7-m/nofp/crtbegin.o
 *(.init)
 .init          0x0800b708        0x4 D:/ST/STM32CubeIDE_1.11.0/STM32CubeIDE/plugins/com.st.stm32cube.ide.mcu.externaltools.gnu-tools-for-stm32.12.3.rel1.win32_1.0.200.202406191623/tools/bin/../lib/gcc/arm-none-eabi/12.3.1/thumb/v7-m/nofp/crti.o
                0x0800b708                _init
 .init          0x0800b70c        0x8 D:/ST/STM32CubeIDE_1.11.0/STM32CubeIDE/plugins/com.st.stm32cube.ide.mcu.externaltools.gnu-tools-for-stm32.12.3.rel1.win32_1.0.200.202406191623/tools/bin/../lib/gcc/arm-none-eabi/12.3.1/thumb/v7-m/nofp/crtn.o
 *(.fini)
 .fini          0x0800b714        0x4 D:/ST/STM32CubeIDE_1.11.0/STM32CubeIDE/plugins/com.st.stm32cube.ide.mcu.externaltools.gnu-tools-for-stm32.12.3.rel1.win32_1.0.200.202406191623/tools/bin/../lib/gcc/arm-none-eabi/12.3.1/thumb/v7-m/nofp/crti.o
                0x0800b714                _fini
 .fini          0x0800b718        0x8 D:/ST/STM32CubeIDE_1.11.0/STM32CubeIDE/plugins/com.st.stm32cube.ide.mcu.externaltools.gnu-tools-for-stm32.12.3.rel1.win32_1.0.200.202406191623/tools/bin/../lib/gcc/arm-none-eabi/12.3.1/thumb/v7-m/nofp/crtn.o
                0x0800b720                        . = ALIGN (0x4)
                0x0800b720                        _etext = .

.vfp11_veneer   0x0800b720        0x0
 .vfp11_veneer  0x0800b720        0x0 linker stubs

.v4_bx          0x0800b720        0x0
 .v4_bx         0x0800b720        0x0 linker stubs

.iplt           0x0800b720        0x0
 .iplt          0x0800b720        0x0 D:/ST/STM32CubeIDE_1.11.0/STM32CubeIDE/plugins/com.st.stm32cube.ide.mcu.externaltools.gnu-tools-for-stm32.12.3.rel1.win32_1.0.200.202406191623/tools/bin/../lib/gcc/arm-none-eabi/12.3.1/thumb/v7-m/nofp/crtbegin.o

.rodata         0x0800b720      0x630
                0x0800b720                        . = ALIGN (0x4)
 *(.rodata)
 *(.rodata*)
 .rodata.AHBPrescTable
                0x0800b720       0x10 ./Core/Src/system_stm32f1xx.o
                0x0800b720                AHBPrescTable
 .rodata.APBPrescTable
                0x0800b730        0x8 ./Core/Src/system_stm32f1xx.o
                0x0800b730                APBPrescTable
 .rodata.aPLLMULFactorTable.1
                0x0800b738       0x10 ./Drivers/STM32F1xx_HAL_Driver/Src/stm32f1xx_hal_rcc.o
 .rodata.aPredivFactorTable.0
                0x0800b748        0x2 ./Drivers/STM32F1xx_HAL_Driver/Src/stm32f1xx_hal_rcc.o
 .rodata._printf_float.str1.1
                0x0800b74a       0x12 D:/ST/STM32CubeIDE_1.11.0/STM32CubeIDE/plugins/com.st.stm32cube.ide.mcu.externaltools.gnu-tools-for-stm32.12.3.rel1.win32_1.0.200.202406191623/tools/bin/../lib/gcc/arm-none-eabi/12.3.1/../../../../arm-none-eabi/lib/thumb/v7-m/nofp\libc_nano.a(libc_a-nano-vfprintf_float.o)
 .rodata._printf_i.str1.1
                0x0800b75c       0x22 D:/ST/STM32CubeIDE_1.11.0/STM32CubeIDE/plugins/com.st.stm32cube.ide.mcu.externaltools.gnu-tools-for-stm32.12.3.rel1.win32_1.0.200.202406191623/tools/bin/../lib/gcc/arm-none-eabi/12.3.1/../../../../arm-none-eabi/lib/thumb/v7-m/nofp\libc_nano.a(libc_a-nano-vfprintf_i.o)
 .rodata._scanf_float.str1.1
                0x0800b77e        0x5 D:/ST/STM32CubeIDE_1.11.0/STM32CubeIDE/plugins/com.st.stm32cube.ide.mcu.externaltools.gnu-tools-for-stm32.12.3.rel1.win32_1.0.200.202406191623/tools/bin/../lib/gcc/arm-none-eabi/12.3.1/../../../../arm-none-eabi/lib/thumb/v7-m/nofp\libc_nano.a(libc_a-nano-vfscanf_float.o)
                                  0x6 (size before relaxing)
 .rodata._dtoa_r.str1.1
                0x0800b783       0x8d D:/ST/STM32CubeIDE_1.11.0/STM32CubeIDE/plugins/com.st.stm32cube.ide.mcu.externaltools.gnu-tools-for-stm32.12.3.rel1.win32_1.0.200.202406191623/tools/bin/../lib/gcc/arm-none-eabi/12.3.1/../../../../arm-none-eabi/lib/thumb/v7-m/nofp\libc_nano.a(libc_a-dtoa.o)
                                 0x8f (size before relaxing)
 .rodata._Balloc.str1.1
                0x0800b810       0x59 D:/ST/STM32CubeIDE_1.11.0/STM32CubeIDE/plugins/com.st.stm32cube.ide.mcu.externaltools.gnu-tools-for-stm32.12.3.rel1.win32_1.0.200.202406191623/tools/bin/../lib/gcc/arm-none-eabi/12.3.1/../../../../arm-none-eabi/lib/thumb/v7-m/nofp\libc_nano.a(libc_a-mprec.o)
                                 0x70 (size before relaxing)
 .rodata.__multadd.str1.1
                0x0800b869       0x11 D:/ST/STM32CubeIDE_1.11.0/STM32CubeIDE/plugins/com.st.stm32cube.ide.mcu.externaltools.gnu-tools-for-stm32.12.3.rel1.win32_1.0.200.202406191623/tools/bin/../lib/gcc/arm-none-eabi/12.3.1/../../../../arm-none-eabi/lib/thumb/v7-m/nofp\libc_nano.a(libc_a-mprec.o)
 *fill*         0x0800b869        0x3 
 .rodata.p05.0  0x0800b86c        0xc D:/ST/STM32CubeIDE_1.11.0/STM32CubeIDE/plugins/com.st.stm32cube.ide.mcu.externaltools.gnu-tools-for-stm32.12.3.rel1.win32_1.0.200.202406191623/tools/bin/../lib/gcc/arm-none-eabi/12.3.1/../../../../arm-none-eabi/lib/thumb/v7-m/nofp\libc_nano.a(libc_a-mprec.o)
 .rodata.__mprec_bigtens
                0x0800b878       0x28 D:/ST/STM32CubeIDE_1.11.0/STM32CubeIDE/plugins/com.st.stm32cube.ide.mcu.externaltools.gnu-tools-for-stm32.12.3.rel1.win32_1.0.200.202406191623/tools/bin/../lib/gcc/arm-none-eabi/12.3.1/../../../../arm-none-eabi/lib/thumb/v7-m/nofp\libc_nano.a(libc_a-mprec.o)
                0x0800b878                __mprec_bigtens
 .rodata.__mprec_tens
                0x0800b8a0       0xc8 D:/ST/STM32CubeIDE_1.11.0/STM32CubeIDE/plugins/com.st.stm32cube.ide.mcu.externaltools.gnu-tools-for-stm32.12.3.rel1.win32_1.0.200.202406191623/tools/bin/../lib/gcc/arm-none-eabi/12.3.1/../../../../arm-none-eabi/lib/thumb/v7-m/nofp\libc_nano.a(libc_a-mprec.o)
                0x0800b8a0                __mprec_tens
 .rodata._strtod_l.str1.1
                0x0800b968        0x2 D:/ST/STM32CubeIDE_1.11.0/STM32CubeIDE/plugins/com.st.stm32cube.ide.mcu.externaltools.gnu-tools-for-stm32.12.3.rel1.win32_1.0.200.202406191623/tools/bin/../lib/gcc/arm-none-eabi/12.3.1/../../../../arm-none-eabi/lib/thumb/v7-m/nofp\libc_nano.a(libc_a-strtod.o)
                                  0xf (size before relaxing)
 *fill*         0x0800b96a        0x2 
 .rodata.fpinan.0
                0x0800b96c       0x14 D:/ST/STM32CubeIDE_1.11.0/STM32CubeIDE/plugins/com.st.stm32cube.ide.mcu.externaltools.gnu-tools-for-stm32.12.3.rel1.win32_1.0.200.202406191623/tools/bin/../lib/gcc/arm-none-eabi/12.3.1/../../../../arm-none-eabi/lib/thumb/v7-m/nofp\libc_nano.a(libc_a-strtod.o)
 .rodata.fpi.1  0x0800b980       0x14 D:/ST/STM32CubeIDE_1.11.0/STM32CubeIDE/plugins/com.st.stm32cube.ide.mcu.externaltools.gnu-tools-for-stm32.12.3.rel1.win32_1.0.200.202406191623/tools/bin/../lib/gcc/arm-none-eabi/12.3.1/../../../../arm-none-eabi/lib/thumb/v7-m/nofp\libc_nano.a(libc_a-strtod.o)
 *fill*         0x0800b994        0x4 
 .rodata.tinytens
                0x0800b998       0x28 D:/ST/STM32CubeIDE_1.11.0/STM32CubeIDE/plugins/com.st.stm32cube.ide.mcu.externaltools.gnu-tools-for-stm32.12.3.rel1.win32_1.0.200.202406191623/tools/bin/../lib/gcc/arm-none-eabi/12.3.1/../../../../arm-none-eabi/lib/thumb/v7-m/nofp\libc_nano.a(libc_a-strtod.o)
 .rodata._ctype_
                0x0800b9c0      0x101 D:/ST/STM32CubeIDE_1.11.0/STM32CubeIDE/plugins/com.st.stm32cube.ide.mcu.externaltools.gnu-tools-for-stm32.12.3.rel1.win32_1.0.200.202406191623/tools/bin/../lib/gcc/arm-none-eabi/12.3.1/../../../../arm-none-eabi/lib/thumb/v7-m/nofp\libc_nano.a(libc_a-ctype_.o)
                0x0800b9c0                _ctype_
 .rodata._svfprintf_r.str1.1
                0x0800bac1       0x11 D:/ST/STM32CubeIDE_1.11.0/STM32CubeIDE/plugins/com.st.stm32cube.ide.mcu.externaltools.gnu-tools-for-stm32.12.3.rel1.win32_1.0.200.202406191623/tools/bin/../lib/gcc/arm-none-eabi/12.3.1/../../../../arm-none-eabi/lib/thumb/v7-m/nofp\libc_nano.a(libc_a-nano-svfprintf.o)
 .rodata._setlocale_r.str1.1
                0x0800bad2        0x8 D:/ST/STM32CubeIDE_1.11.0/STM32CubeIDE/plugins/com.st.stm32cube.ide.mcu.externaltools.gnu-tools-for-stm32.12.3.rel1.win32_1.0.200.202406191623/tools/bin/../lib/gcc/arm-none-eabi/12.3.1/../../../../arm-none-eabi/lib/thumb/v7-m/nofp\libc_nano.a(libc_a-locale.o)
                                  0x9 (size before relaxing)
 .rodata.str1.1
                0x0800bada        0x2 D:/ST/STM32CubeIDE_1.11.0/STM32CubeIDE/plugins/com.st.stm32cube.ide.mcu.externaltools.gnu-tools-for-stm32.12.3.rel1.win32_1.0.200.202406191623/tools/bin/../lib/gcc/arm-none-eabi/12.3.1/../../../../arm-none-eabi/lib/thumb/v7-m/nofp\libc_nano.a(libc_a-locale.o)
 .rodata.__assert_func.str1.1
                0x0800bada       0x3c D:/ST/STM32CubeIDE_1.11.0/STM32CubeIDE/plugins/com.st.stm32cube.ide.mcu.externaltools.gnu-tools-for-stm32.12.3.rel1.win32_1.0.200.202406191623/tools/bin/../lib/gcc/arm-none-eabi/12.3.1/../../../../arm-none-eabi/lib/thumb/v7-m/nofp\libc_nano.a(libc_a-assert.o)
                                 0x3d (size before relaxing)
 .rodata.__gethex.str1.1
                0x0800bb16       0x60 D:/ST/STM32CubeIDE_1.11.0/STM32CubeIDE/plugins/com.st.stm32cube.ide.mcu.externaltools.gnu-tools-for-stm32.12.3.rel1.win32_1.0.200.202406191623/tools/bin/../lib/gcc/arm-none-eabi/12.3.1/../../../../arm-none-eabi/lib/thumb/v7-m/nofp\libc_nano.a(libc_a-gdtoa-gethex.o)
                                 0x73 (size before relaxing)
 .rodata._vfprintf_r.str1.1
                0x0800bb76       0x11 D:/ST/STM32CubeIDE_1.11.0/STM32CubeIDE/plugins/com.st.stm32cube.ide.mcu.externaltools.gnu-tools-for-stm32.12.3.rel1.win32_1.0.200.202406191623/tools/bin/../lib/gcc/arm-none-eabi/12.3.1/../../../../arm-none-eabi/lib/thumb/v7-m/nofp\libc_nano.a(libc_a-nano-vfprintf.o)
 *fill*         0x0800bb76        0x2 
 .rodata.npio2_hw
                0x0800bb78       0x80 D:/ST/STM32CubeIDE_1.11.0/STM32CubeIDE/plugins/com.st.stm32cube.ide.mcu.externaltools.gnu-tools-for-stm32.12.3.rel1.win32_1.0.200.202406191623/tools/bin/../lib/gcc/arm-none-eabi/12.3.1/../../../../arm-none-eabi/lib/thumb/v7-m/nofp\libm.a(libm_a-e_rem_pio2.o)
 .rodata.two_over_pi
                0x0800bbf8      0x108 D:/ST/STM32CubeIDE_1.11.0/STM32CubeIDE/plugins/com.st.stm32cube.ide.mcu.externaltools.gnu-tools-for-stm32.12.3.rel1.win32_1.0.200.202406191623/tools/bin/../lib/gcc/arm-none-eabi/12.3.1/../../../../arm-none-eabi/lib/thumb/v7-m/nofp\libm.a(libm_a-e_rem_pio2.o)
 .rodata.PIo2   0x0800bd00       0x40 D:/ST/STM32CubeIDE_1.11.0/STM32CubeIDE/plugins/com.st.stm32cube.ide.mcu.externaltools.gnu-tools-for-stm32.12.3.rel1.win32_1.0.200.202406191623/tools/bin/../lib/gcc/arm-none-eabi/12.3.1/../../../../arm-none-eabi/lib/thumb/v7-m/nofp\libm.a(libm_a-k_rem_pio2.o)
 .rodata.init_jk
                0x0800bd40       0x10 D:/ST/STM32CubeIDE_1.11.0/STM32CubeIDE/plugins/com.st.stm32cube.ide.mcu.externaltools.gnu-tools-for-stm32.12.3.rel1.win32_1.0.200.202406191623/tools/bin/../lib/gcc/arm-none-eabi/12.3.1/../../../../arm-none-eabi/lib/thumb/v7-m/nofp\libm.a(libm_a-k_rem_pio2.o)
                0x0800bd50                        . = ALIGN (0x4)

.ARM.extab      0x0800bd50        0x0
                0x0800bd50                        . = ALIGN (0x4)
 *(.ARM.extab* .gnu.linkonce.armextab.*)
                0x0800bd50                        . = ALIGN (0x4)

.ARM            0x0800bd50        0x8
                0x0800bd50                        . = ALIGN (0x4)
                0x0800bd50                        __exidx_start = .
 *(.ARM.exidx*)
 .ARM.exidx     0x0800bd50        0x8 D:/ST/STM32CubeIDE_1.11.0/STM32CubeIDE/plugins/com.st.stm32cube.ide.mcu.externaltools.gnu-tools-for-stm32.12.3.rel1.win32_1.0.200.202406191623/tools/bin/../lib/gcc/arm-none-eabi/12.3.1/../../../../arm-none-eabi/lib/thumb/v7-m/nofp\libc_nano.a(libc_a-strlen.o)
                0x0800bd58                        __exidx_end = .
                0x0800bd58                        . = ALIGN (0x4)

.rel.dyn        0x0800bd58        0x0
 .rel.iplt      0x0800bd58        0x0 D:/ST/STM32CubeIDE_1.11.0/STM32CubeIDE/plugins/com.st.stm32cube.ide.mcu.externaltools.gnu-tools-for-stm32.12.3.rel1.win32_1.0.200.202406191623/tools/bin/../lib/gcc/arm-none-eabi/12.3.1/thumb/v7-m/nofp/crtbegin.o

.preinit_array  0x0800bd58        0x0
                0x0800bd58                        . = ALIGN (0x4)
                0x0800bd58                        PROVIDE (__preinit_array_start = .)
 *(.preinit_array*)
                0x0800bd58                        PROVIDE (__preinit_array_end = .)
                0x0800bd58                        . = ALIGN (0x4)

.init_array     0x0800bd58        0x4
                0x0800bd58                        . = ALIGN (0x4)
                0x0800bd58                        PROVIDE (__init_array_start = .)
 *(SORT_BY_NAME(.init_array.*))
 *(.init_array*)
 .init_array    0x0800bd58        0x4 D:/ST/STM32CubeIDE_1.11.0/STM32CubeIDE/plugins/com.st.stm32cube.ide.mcu.externaltools.gnu-tools-for-stm32.12.3.rel1.win32_1.0.200.202406191623/tools/bin/../lib/gcc/arm-none-eabi/12.3.1/thumb/v7-m/nofp/crtbegin.o
                0x0800bd5c                        PROVIDE (__init_array_end = .)
                0x0800bd5c                        . = ALIGN (0x4)

.fini_array     0x0800bd5c        0x4
                0x0800bd5c                        . = ALIGN (0x4)
                [!provide]                        PROVIDE (__fini_array_start = .)
 *(SORT_BY_NAME(.fini_array.*))
 *(.fini_array*)
 .fini_array    0x0800bd5c        0x4 D:/ST/STM32CubeIDE_1.11.0/STM32CubeIDE/plugins/com.st.stm32cube.ide.mcu.externaltools.gnu-tools-for-stm32.12.3.rel1.win32_1.0.200.202406191623/tools/bin/../lib/gcc/arm-none-eabi/12.3.1/thumb/v7-m/nofp/crtbegin.o
                [!provide]                        PROVIDE (__fini_array_end = .)
                0x0800bd60                        . = ALIGN (0x4)
                0x0800bd60                        _sidata = LOADADDR (.data)

.data           0x20000000      0x1e4 load address 0x0800bd60
                0x20000000                        . = ALIGN (0x4)
                0x20000000                        _sdata = .
 *(.data)
 *(.data*)
 .data.amplitude
                0x20000000        0x4 ./Core/Src/main.o
                0x20000000                amplitude
 .data.Kp_pos_loop
                0x20000004        0x4 ./Core/Src/servo_ctrl.o
                0x20000004                Kp_pos_loop
 .data.Kp_vel_loop
                0x20000008        0x4 ./Core/Src/servo_ctrl.o
                0x20000008                Kp_vel_loop
 .data.current_max
                0x2000000c        0x4 ./Core/Src/servo_ctrl.o
                0x2000000c                current_max
 .data.SystemCoreClock
                0x20000010        0x4 ./Core/Src/system_stm32f1xx.o
                0x20000010                SystemCoreClock
 .data.uwTickPrio
                0x20000014        0x4 ./Drivers/STM32F1xx_HAL_Driver/Src/stm32f1xx_hal.o
                0x20000014                uwTickPrio
 .data.uwTickFreq
                0x20000018        0x1 ./Drivers/STM32F1xx_HAL_Driver/Src/stm32f1xx_hal.o
                0x20000018                uwTickFreq
 *fill*         0x20000019        0x3 
 .data.__sglue  0x2000001c        0xc D:/ST/STM32CubeIDE_1.11.0/STM32CubeIDE/plugins/com.st.stm32cube.ide.mcu.externaltools.gnu-tools-for-stm32.12.3.rel1.win32_1.0.200.202406191623/tools/bin/../lib/gcc/arm-none-eabi/12.3.1/../../../../arm-none-eabi/lib/thumb/v7-m/nofp\libc_nano.a(libc_a-findfp.o)
                0x2000001c                __sglue
 .data._impure_ptr
                0x20000028        0x4 D:/ST/STM32CubeIDE_1.11.0/STM32CubeIDE/plugins/com.st.stm32cube.ide.mcu.externaltools.gnu-tools-for-stm32.12.3.rel1.win32_1.0.200.202406191623/tools/bin/../lib/gcc/arm-none-eabi/12.3.1/../../../../arm-none-eabi/lib/thumb/v7-m/nofp\libc_nano.a(libc_a-impure.o)
                0x20000028                _impure_ptr
 .data._impure_data
                0x2000002c       0x4c D:/ST/STM32CubeIDE_1.11.0/STM32CubeIDE/plugins/com.st.stm32cube.ide.mcu.externaltools.gnu-tools-for-stm32.12.3.rel1.win32_1.0.200.202406191623/tools/bin/../lib/gcc/arm-none-eabi/12.3.1/../../../../arm-none-eabi/lib/thumb/v7-m/nofp\libc_nano.a(libc_a-impure.o)
                0x2000002c                _impure_data
 .data.__global_locale
                0x20000078      0x16c D:/ST/STM32CubeIDE_1.11.0/STM32CubeIDE/plugins/com.st.stm32cube.ide.mcu.externaltools.gnu-tools-for-stm32.12.3.rel1.win32_1.0.200.202406191623/tools/bin/../lib/gcc/arm-none-eabi/12.3.1/../../../../arm-none-eabi/lib/thumb/v7-m/nofp\libc_nano.a(libc_a-locale.o)
                0x20000078                __global_locale
 *(.RamFunc)
 *(.RamFunc*)
                0x200001e4                        . = ALIGN (0x4)
                0x200001e4                        _edata = .

.igot.plt       0x200001e4        0x0 load address 0x0800bf44